[{'LRIMOShipNo': '9566148', 'ShipName': 'WINDSUPPLIER', 'ShipType': 'Passenger', 'MovementDateTime': '2011-12-31 23:57:13.000', 'Latitude': '55.4725583000000030', 'Longitude': '8.4220717000000000', 'MoveStatus': 'Moored', 'Heading': '151', 'Draught': '2', 'Speed': '0', 'Destination': 'ESBJERG', 'ETA': '9999-12-31 23:59:59.000'}, {'LRIMOShipNo': '9566148', 'ShipName': 'WINDSUPPLIER', 'ShipType': 'Passenger', 'MovementDateTime': '2012-01-01 00:57:10.000', 'Latitude': '55.4725882999999980', 'Longitude': '8.4220849999999992', 'MoveStatus': 'Moored', 'Heading': '150', 'Draught': '2', 'Speed': '0', 'Destination': 'ESBJERG', 'ETA': '9999-12-31 23:59:59.000'}, {'LRIMOShipNo': '9566148', 'ShipName': 'WINDSUPPLIER', 'ShipType': 'Passenger', 'MovementDateTime': '2012-01-01 01:57:14.000', 'Latitude': '55.4725650000000030', 'Longitude': '8.4220967000000009', 'MoveStatus': 'Moored', 'Heading': '151', 'Draught': '2', 'Speed': '0', 'Destination': 'ESBJERG', 'ETA': '9999-12-31 23:59:59.000'}, {'LRIMOShipNo': '9566148', 'ShipName': 'WINDSUPPLIER', 'ShipType': 'Passenger', 'MovementDateTime': '2012-01-01 02:57:13.000', 'Latitude': '55.4725983000000010', 'Longitude': '8.4220749999999995', 'MoveStatus': 'Moored', 'Heading': '152', 'Draught': '2', 'Speed': '0', 'Destination': 'ESBJERG', 'ETA': '9999-12-31 23:59:59.000'}, {'LRIMOShipNo': '9566148', 'ShipName': 'WINDSUPPLIER', 'ShipType': 'Passenger', 'MovementDateTime': '2012-01-01 03:55:51.000', 'Latitude': '55.4725733000000010', 'Longitude': '8.4220082999999999', 'MoveStatus': 'Moored', 'Heading': '153', 'Draught': '2', 'Speed': '0', 'Destination': 'ESBJERG', 'ETA': '9999-12-31 23:59:59.000'}, {'LRIMOShipNo': '9566148', 'ShipName': 'WINDSUPPLIER', 'ShipType': 'Passenger', 'MovementDateTime': '2012-01-01 04:57:14.000', 'Latitude': '55.4725800000000010', 'Longitude': '8.4220950000000006', 'MoveStatus': 'Moored', 'Heading': '152', 'Draught': '2', 'Speed': '0', 'Destination': 'ESBJERG', 'ETA': '9999-12-31 23:59:59.000'}, {'LRIMOShipNo': '9566148', 'ShipName': 'WINDSUPPLIER', 'ShipType': 'Passenger', 'MovementDateTime': '2012-01-01 05:57:14.000', 'Latitude': '55.4725749999999990', 'Longitude': '8.4220732999999992', 'MoveStatus': 'Moored', 'Heading': '153', 'Draught': '2', 'Speed': '0', 'Destination': 'ESBJERG', 'ETA': '9999-12-31 23:59:59.000'}, {'LRIMOShipNo': '9566148', 'ShipName': 'WINDSUPPLIER', 'ShipType': 'Passenger', 'MovementDateTime': '2012-01-01 06:57:12.000', 'Latitude': '55.4725949999999980', 'Longitude': '8.4220849999999992', 'MoveStatus': 'Moored', 'Heading': '154', 'Draught': '2', 'Speed': '0', 'Destination': 'ESBJERG', 'ETA': '9999-12-31 23:59:59.000'}, {'LRIMOShipNo': '9566148', 'ShipName': 'WINDSUPPLIER', 'ShipType': 'Passenger', 'MovementDateTime': '2012-01-01 07:57:15.000', 'Latitude': '55.4725917000000020', 'Longitude': '8.4220916999999993', 'MoveStatus': 'Moored', 'Heading': '153', 'Draught': '2', 'Speed': '0', 'Destination': 'ESBJERG', 'ETA': '9999-12-31 23:59:59.000'}, {'LRIMOShipNo': '9566148', 'ShipName': 'WINDSUPPLIER', 'ShipType': 'Passenger', 'MovementDateTime': '2012-01-01 08:57:12.000', 'Latitude': '55.4725733000000010', 'Longitude': '8.4220732999999992', 'MoveStatus': 'Moored', 'Heading': '151', 'Draught': '2', 'Speed': '0', 'Destination': 'ESBJERG', 'ETA': '9999-12-31 23:59:59.000'}, {'LRIMOShipNo': '9566148', 'ShipName': 'WINDSUPPLIER', 'ShipType': 'Passenger', 'MovementDateTime': '2012-01-01 09:57:14.000', 'Latitude': '55.4725632999999970', 'Longitude': '8.4220649999999999', 'MoveStatus': 'Moored', 'Heading': '153', 'Draught': '2', 'Speed': '0', 'Destination': 'ESBJERG', 'ETA': '9999-12-31 23:59:59.000'}, {'LRIMOShipNo': '9566148', 'ShipName': 'WINDSUPPLIER', 'ShipType': 'Passenger', 'MovementDateTime': '2012-01-01 10:57:08.000', 'Latitude': '55.4725800000000010', 'Longitude': '8.4220883000000004', 'MoveStatus': 'Moored', 'Heading': '151', 'Draught': '2', 'Speed': '0', 'Destination': 'ESBJERG', 'ETA': '9999-12-31 23:59:59.000'}, {'LRIMOShipNo': '9566148', 'ShipName': 'WINDSUPPLIER', 'ShipType': 'Passenger', 'MovementDateTime': '2012-01-01 11:57:15.000', 'Latitude': '55.4725682999999990', 'Longitude': '8.4220517000000008', 'MoveStatus': 'Moored', 'Heading': '151', 'Draught': '2', 'Speed': '0', 'Destination': 'ESBJERG', 'ETA': '9999-12-31 23:59:59.000'}, {'LRIMOShipNo': '9566148', 'ShipName': 'WINDSUPPLIER', 'ShipType': 'Passenger', 'MovementDateTime': '2012-01-01 12:57:14.000', 'Latitude': '55.4725800000000010', 'Longitude': '8.4220983000000000', 'MoveStatus': 'Moored', 'Heading': '150', 'Draught': '2', 'Speed': '0', 'Destination': 'ESBJERG', 'ETA': '9999-12-31 23:59:59.000'}, {'LRIMOShipNo': '9566148', 'ShipName': 'WINDSUPPLIER', 'ShipType': 'Passenger', 'MovementDateTime': '2012-01-01 13:57:14.000', 'Latitude': '55.4725800000000010', 'Longitude': '8.4220333000000007', 'MoveStatus': 'Moored', 'Heading': '150', 'Draught': '2', 'Speed': '0', 'Destination': 'ESBJERG', 'ETA': '9999-12-31 23:59:59.000'}, {'LRIMOShipNo': '9566148', 'ShipName': 'WINDSUPPLIER', 'ShipType': 'Passenger', 'MovementDateTime': '2012-01-01 14:57:15.000', 'Latitude': '55.4725882999999980', 'Longitude': '8.4220649999999999', 'MoveStatus': 'Moored', 'Heading': '152', 'Draught': '2', 'Speed': '0', 'Destination': 'ESBJERG', 'ETA': '9999-12-31 23:59:59.000'}, {'LRIMOShipNo': '9566148', 'ShipName': 'WINDSUPPLIER', 'ShipType': 'Passenger', 'MovementDateTime': '2012-01-01 15:57:14.000', 'Latitude': '55.4725850000000020', 'Longitude': '8.4221000000000004', 'MoveStatus': 'Moored', 'Heading': '152', 'Draught': '2', 'Speed': '0', 'Destination': 'ESBJERG', 'ETA': '9999-12-31 23:59:59.000'}, {'LRIMOShipNo': '9566148', 'ShipName': 'WINDSUPPLIER', 'ShipType': 'Passenger', 'MovementDateTime': '2012-01-01 16:57:15.000', 'Latitude': '55.4725617000000000', 'Longitude': '8.4220067000000007', 'MoveStatus': 'Moored', 'Heading': '152', 'Draught': '2', 'Speed': '0', 'Destination': 'ESBJERG', 'ETA': '9999-12-31 23:59:59.000'}, {'LRIMOShipNo': '9566148', 'ShipName': 'WINDSUPPLIER', 'ShipType': 'Passenger', 'MovementDateTime': '2012-01-01 17:57:16.000', 'Latitude': '55.4725766999999980', 'Longitude': '8.4220433000000003', 'MoveStatus': 'Moored', 'Heading': '152', 'Draught': '2', 'Speed': '0', 'Destination': 'ESBJERG', 'ETA': '9999-12-31 23:59:59.000'}, {'LRIMOShipNo': '9566148', 'ShipName': 'WINDSUPPLIER', 'ShipType': 'Passenger', 'MovementDateTime': '2012-01-01 18:57:13.000', 'Latitude': '55.4726100000000030', 'Longitude': '8.4219833000000008', 'MoveStatus': 'Moored', 'Heading': '153', 'Draught': '2', 'Speed': '0', 'Destination': 'ESBJERG', 'ETA': '9999-12-31 23:59:59.000'}, {'LRIMOShipNo': '9566148', 'ShipName': 'WINDSUPPLIER', 'ShipType': 'Passenger', 'MovementDateTime': '2012-01-01 19:57:13.000', 'Latitude': '55.4725533000000010', 'Longitude': '8.4220383000000005', 'MoveStatus': 'Moored', 'Heading': '153', 'Draught': '2', 'Speed': '0', 'Destination': 'ESBJERG', 'ETA': '9999-12-31 23:59:59.000'}, {'LRIMOShipNo': '9566148', 'ShipName': 'WINDSUPPLIER', 'ShipType': 'Passenger', 'MovementDateTime': '2012-01-01 20:54:15.000', 'Latitude': '55.4725650000000030', 'Longitude': '8.4221017000000007', 'MoveStatus': 'Moored', 'Heading': '153', 'Draught': '2', 'Speed': '0', 'Destination': 'ESBJERG', 'ETA': '9999-12-31 23:59:59.000'}, {'LRIMOShipNo': '9566148', 'ShipName': 'WINDSUPPLIER', 'ShipType': 'Passenger', 'MovementDateTime': '2012-01-01 21:57:15.000', 'Latitude': '55.4725783000000020', 'Longitude': '8.4220833000000006', 'MoveStatus': 'Moored', 'Heading': '152', 'Draught': '2', 'Speed': '0', 'Destination': 'ESBJERG', 'ETA': '9999-12-31 23:59:59.000'}, {'LRIMOShipNo': '9566148', 'ShipName': 'WINDSUPPLIER', 'ShipType': 'Passenger', 'MovementDateTime': '2012-01-01 22:57:15.000', 'Latitude': '55.4725749999999990', 'Longitude': '8.4221050000000002', 'MoveStatus': 'Moored', 'Heading': '153', 'Draught': '2', 'Speed': '0', 'Destination': 'ESBJERG', 'ETA': '9999-12-31 23:59:59.000'}, {'LRIMOShipNo': '9566148', 'ShipName': 'WINDSUPPLIER', 'ShipType': 'Passenger', 'MovementDateTime': '2012-01-01 23:57:13.000', 'Latitude': '55.4725632999999970', 'Longitude': '8.4220383000000005', 'MoveStatus': 'Moored', 'Heading': '151', 'Draught': '2', 'Speed': '0', 'Destination': 'ESBJERG', 'ETA': '9999-12-31 23:59:59.000'}, {'LRIMOShipNo': '9566148', 'ShipName': 'WINDSUPPLIER', 'ShipType': 'Passenger', 'MovementDateTime': '2012-01-02 00:57:13.000', 'Latitude': '55.4725800000000010', 'Longitude': '8.4220766999999999', 'MoveStatus': 'Moored', 'Heading': '151', 'Draught': '2', 'Speed': '0', 'Destination': 'ESBJERG', 'ETA': '9999-12-31 23:59:59.000'}, {'LRIMOShipNo': '9566148', 'ShipName': 'WINDSUPPLIER', 'ShipType': 'Passenger', 'MovementDateTime': '2012-01-02 01:57:07.000', 'Latitude': '55.4725550000000000', 'Longitude': '8.4220533000000000', 'MoveStatus': 'Moored', 'Heading': '150', 'Draught': '2', 'Speed': '0', 'Destination': 'ESBJERG', 'ETA': '9999-12-31 23:59:59.000'}, {'LRIMOShipNo': '9566148', 'ShipName': 'WINDSUPPLIER', 'ShipType': 'Passenger', 'MovementDateTime': '2012-01-02 02:57:10.000', 'Latitude': '55.4725933000000000', 'Longitude': '8.4220199999999998', 'MoveStatus': 'Moored', 'Heading': '149', 'Draught': '2', 'Speed': '0', 'Destination': 'ESBJERG', 'ETA': '9999-12-31 23:59:59.000'}, {'LRIMOShipNo': '9566148', 'ShipName': 'WINDSUPPLIER', 'ShipType': 'Passenger', 'MovementDateTime': '2012-01-02 03:57:12.000', 'Latitude': '55.4725733000000010', 'Longitude': '8.4220900000000007', 'MoveStatus': 'Moored', 'Heading': '153', 'Draught': '2', 'Speed': '0', 'Destination': 'ESBJERG', 'ETA': '9999-12-31 23:59:59.000'}, {'LRIMOShipNo': '9566148', 'ShipName': 'WINDSUPPLIER', 'ShipType': 'Passenger', 'MovementDateTime': '2012-01-02 04:57:16.000', 'Latitude': '55.4725717000000030', 'Longitude': '8.4220533000000000', 'MoveStatus': 'Moored', 'Heading': '153', 'Draught': '2', 'Speed': '0', 'Destination': 'ESBJERG', 'ETA': '9999-12-31 23:59:59.000'}, {'LRIMOShipNo': '9566148', 'ShipName': 'WINDSUPPLIER', 'ShipType': 'Passenger', 'MovementDateTime': '2012-01-02 05:57:15.000', 'Latitude': '55.4725983000000010', 'Longitude': '8.4220533000000000', 'MoveStatus': 'Moored', 'Heading': '152', 'Draught': '2', 'Speed': '0', 'Destination': 'ESBJERG', 'ETA': '9999-12-31 23:59:59.000'}, {'LRIMOShipNo': '9566148', 'ShipName': 'WINDSUPPLIER', 'ShipType': 'Passenger', 'MovementDateTime': '2012-01-02 06:57:15.000', 'Latitude': '55.4725850000000020', 'Longitude': '8.4220617000000004', 'MoveStatus': 'Moored', 'Heading': '154', 'Draught': '2', 'Speed': '0', 'Destination': 'ESBJERG', 'ETA': '9999-12-31 23:59:59.000'}, {'LRIMOShipNo': '9566148', 'ShipName': 'WINDSUPPLIER', 'ShipType': 'Passenger', 'MovementDateTime': '2012-01-02 07:57:16.000', 'Latitude': '55.4725867000000010', 'Longitude': '8.4221017000000007', 'MoveStatus': 'Moored', 'Heading': '153', 'Draught': '2', 'Speed': '0', 'Destination': 'ESBJERG', 'ETA': '9999-12-31 23:59:59.000'}, {'LRIMOShipNo': '9566148', 'ShipName': 'WINDSUPPLIER', 'ShipType': 'Passenger', 'MovementDateTime': '2012-01-02 08:57:17.000', 'Latitude': '55.4725867000000010', 'Longitude': '8.4221082999999997', 'MoveStatus': 'Moored', 'Heading': '152', 'Draught': '2', 'Speed': '0', 'Destination': 'ESBJERG', 'ETA': '9999-12-31 23:59:59.000'}, {'LRIMOShipNo': '9566148', 'ShipName': 'WINDSUPPLIER', 'ShipType': 'Passenger', 'MovementDateTime': '2012-01-02 09:57:13.000', 'Latitude': '55.4725217000000010', 'Longitude': '8.4220649999999999', 'MoveStatus': 'Moored', 'Heading': '153', 'Draught': '2', 'Speed': '0', 'Destination': 'ESBJERG', 'ETA': '9999-12-31 23:59:59.000'}, {'LRIMOShipNo': '9566148', 'ShipName': 'WINDSUPPLIER', 'ShipType': 'Passenger', 'MovementDateTime': '2012-01-02 10:57:17.000', 'Latitude': '55.4725733000000010', 'Longitude': '8.4220766999999999', 'MoveStatus': 'Moored', 'Heading': '151', 'Draught': '2', 'Speed': '0', 'Destination': 'ESBJERG', 'ETA': '9999-12-31 23:59:59.000'}]