[{'LRIMOShipNo': '9295490', 'ShipName': 'SILUNA ACE', 'ShipType': 'Passenger', 'MovementDateTime': '2011-12-31 23:51:43.000', 'Latitude': '51.8198967000000010', 'Longitude': '4.8723599999999996', 'MoveStatus': 'Moored', 'Heading': '42', 'Draught': '3', 'Speed': '0', 'Destination': 'HARDINXVELD', 'ETA': '2011-09-19 14:00:00.000'}, {'LRIMOShipNo': '9295490', 'ShipName': 'SILUNA ACE', 'ShipType': 'Passenger', 'MovementDateTime': '2012-01-01 00:57:04.000', 'Latitude': '51.8199100000000000', 'Longitude': '4.8723500000000000', 'MoveStatus': 'Moored', 'Heading': '42', 'Draught': '3', 'Speed': '0,1', 'Destination': 'HARDINXVELD', 'ETA': '2011-09-19 14:00:00.000'}, {'LRIMOShipNo': '9295490', 'ShipName': 'SILUNA ACE', 'ShipType': 'Passenger', 'MovementDateTime': '2012-01-01 01:57:20.000', 'Latitude': '51.8199182999999980', 'Longitude': '4.8723799999999997', 'MoveStatus': 'Moored', 'Heading': '42', 'Draught': '3', 'Speed': '0', 'Destination': 'HARDINXVELD', 'ETA': '2011-09-19 14:00:00.000'}, {'LRIMOShipNo': '9295490', 'ShipName': 'SILUNA ACE', 'ShipType': 'Passenger', 'MovementDateTime': '2012-01-01 02:59:07.000', 'Latitude': '51.8198916999999990', 'Longitude': '4.8723783000000003', 'MoveStatus': 'Moored', 'Heading': '42', 'Draught': '3', 'Speed': '0', 'Destination': 'HARDINXVELD', 'ETA': '2011-09-19 14:00:00.000'}, {'LRIMOShipNo': '9295490', 'ShipName': 'SILUNA ACE', 'ShipType': 'Passenger', 'MovementDateTime': '2012-01-01 03:59:30.000', 'Latitude': '51.8198866999999980', 'Longitude': '4.8723200000000002', 'MoveStatus': 'Moored', 'Heading': '42', 'Draught': '3', 'Speed': '0', 'Destination': 'HARDINXVELD', 'ETA': '2011-09-19 14:00:00.000'}, {'LRIMOShipNo': '9295490', 'ShipName': 'SILUNA ACE', 'ShipType': 'Passenger', 'MovementDateTime': '2012-01-01 04:59:56.000', 'Latitude': '51.8199232999999990', 'Longitude': '4.8723533000000003', 'MoveStatus': 'Moored', 'Heading': '42', 'Draught': '3', 'Speed': '0', 'Destination': 'HARDINXVELD', 'ETA': '2011-09-19 14:00:00.000'}, {'LRIMOShipNo': '9295490', 'ShipName': 'SILUNA ACE', 'ShipType': 'Passenger', 'MovementDateTime': '2012-01-01 05:57:41.000', 'Latitude': '51.8198416999999980', 'Longitude': '4.8723700000000001', 'MoveStatus': 'Moored', 'Heading': '42', 'Draught': '3', 'Speed': '0', 'Destination': 'HARDINXVELD', 'ETA': '2011-09-19 14:00:00.000'}, {'LRIMOShipNo': '9295490', 'ShipName': 'SILUNA ACE', 'ShipType': 'Passenger', 'MovementDateTime': '2012-01-01 06:57:49.000', 'Latitude': '51.8198999999999970', 'Longitude': '4.8723567000000001', 'MoveStatus': 'Moored', 'Heading': '42', 'Draught': '3', 'Speed': '0,1', 'Destination': 'HARDINXVELD', 'ETA': '2011-09-19 14:00:00.000'}, {'LRIMOShipNo': '9295490', 'ShipName': 'SILUNA ACE', 'ShipType': 'Passenger', 'MovementDateTime': '2012-01-01 07:58:13.000', 'Latitude': '51.8198950000000020', 'Longitude': '4.8723500000000000', 'MoveStatus': 'Moored', 'Heading': '42', 'Draught': '3', 'Speed': '0', 'Destination': 'HARDINXVELD', 'ETA': '2011-09-19 14:00:00.000'}, {'LRIMOShipNo': '9295490', 'ShipName': 'SILUNA ACE', 'ShipType': 'Passenger', 'MovementDateTime': '2012-01-01 08:58:36.000', 'Latitude': '51.8199299999999990', 'Longitude': '4.8723232999999997', 'MoveStatus': 'Moored', 'Heading': '42', 'Draught': '3', 'Speed': '0,1', 'Destination': 'HARDINXVELD', 'ETA': '2011-09-19 14:00:00.000'}, {'LRIMOShipNo': '9295490', 'ShipName': 'SILUNA ACE', 'ShipType': 'Passenger', 'MovementDateTime': '2012-01-01 09:59:08.000', 'Latitude': '51.8198817000000030', 'Longitude': '4.8724017000000002', 'MoveStatus': 'Moored', 'Heading': '42', 'Draught': '3', 'Speed': '0,1', 'Destination': 'HARDINXVELD', 'ETA': '2011-09-19 14:00:00.000'}, {'LRIMOShipNo': '9295490', 'ShipName': 'SILUNA ACE', 'ShipType': 'Passenger', 'MovementDateTime': '2012-01-01 10:59:24.000', 'Latitude': '51.8199083000000020', 'Longitude': '4.8723517000000003', 'MoveStatus': 'Moored', 'Heading': '42', 'Draught': '3', 'Speed': '0', 'Destination': 'HARDINXVELD', 'ETA': '2011-09-19 14:00:00.000'}, {'LRIMOShipNo': '9295490', 'ShipName': 'SILUNA ACE', 'ShipType': 'Passenger', 'MovementDateTime': '2012-01-01 11:58:16.000', 'Latitude': '51.8199066999999970', 'Longitude': '4.8723767000000002', 'MoveStatus': 'Moored', 'Heading': '42', 'Draught': '3', 'Speed': '0', 'Destination': 'HARDINXVELD', 'ETA': '2011-09-19 14:00:00.000'}, {'LRIMOShipNo': '9295490', 'ShipName': 'SILUNA ACE', 'ShipType': 'Passenger', 'MovementDateTime': '2012-01-01 13:58:29.000', 'Latitude': '51.8198549999999970', 'Longitude': '4.8724866999999996', 'MoveStatus': 'Moored', 'Heading': '42', 'Draught': '3', 'Speed': '0', 'Destination': 'HARDINXVELD', 'ETA': '2011-09-19 14:00:00.000'}, {'LRIMOShipNo': '9295490', 'ShipName': 'SILUNA ACE', 'ShipType': 'Passenger', 'MovementDateTime': '2012-01-01 14:58:34.000', 'Latitude': '51.8198833000000010', 'Longitude': '4.8723682999999998', 'MoveStatus': 'Moored', 'Heading': '42', 'Draught': '3', 'Speed': '0', 'Destination': 'HARDINXVELD', 'ETA': '2011-09-19 14:00:00.000'}, {'LRIMOShipNo': '9295490', 'ShipName': 'SILUNA ACE', 'ShipType': 'Passenger', 'MovementDateTime': '2012-01-01 15:58:38.000', 'Latitude': '51.8198616999999970', 'Longitude': '4.8723882999999999', 'MoveStatus': 'Moored', 'Heading': '42', 'Draught': '3', 'Speed': '0', 'Destination': 'HARDINXVELD', 'ETA': '2011-09-19 14:00:00.000'}, {'LRIMOShipNo': '9295490', 'ShipName': 'SILUNA ACE', 'ShipType': 'Passenger', 'MovementDateTime': '2012-01-01 16:59:11.000', 'Latitude': '51.8198549999999970', 'Longitude': '4.8724083000000000', 'MoveStatus': 'Moored', 'Heading': '42', 'Draught': '3', 'Speed': '0', 'Destination': 'HARDINXVELD', 'ETA': '2011-09-19 14:00:00.000'}, {'LRIMOShipNo': '9295490', 'ShipName': 'SILUNA ACE', 'ShipType': 'Passenger', 'MovementDateTime': '2012-01-01 17:59:37.000', 'Latitude': '51.8199116999999990', 'Longitude': '4.8723200000000002', 'MoveStatus': 'Moored', 'Heading': '42', 'Draught': '3', 'Speed': '0', 'Destination': 'HARDINXVELD', 'ETA': '2011-09-19 14:00:00.000'}, {'LRIMOShipNo': '9295490', 'ShipName': 'SILUNA ACE', 'ShipType': 'Passenger', 'MovementDateTime': '2012-01-01 18:58:54.000', 'Latitude': '51.8199100000000000', 'Longitude': '4.8723732999999996', 'MoveStatus': 'Moored', 'Heading': '42', 'Draught': '3', 'Speed': '0', 'Destination': 'HARDINXVELD', 'ETA': '2011-09-19 14:00:00.000'}, {'LRIMOShipNo': '9295490', 'ShipName': 'SILUNA ACE', 'ShipType': 'Passenger', 'MovementDateTime': '2012-01-01 19:57:22.000', 'Latitude': '51.8199066999999970', 'Longitude': '4.8723482999999996', 'MoveStatus': 'Moored', 'Heading': '42', 'Draught': '3', 'Speed': '0', 'Destination': 'HARDINXVELD', 'ETA': '2011-09-19 14:00:00.000'}, {'LRIMOShipNo': '9295490', 'ShipName': 'SILUNA ACE', 'ShipType': 'Passenger', 'MovementDateTime': '2012-01-01 20:54:49.000', 'Latitude': '51.8198916999999990', 'Longitude': '4.8723432999999998', 'MoveStatus': 'Moored', 'Heading': '42', 'Draught': '3', 'Speed': '0', 'Destination': 'HARDINXVELD', 'ETA': '2011-09-19 14:00:00.000'}, {'LRIMOShipNo': '9295490', 'ShipName': 'SILUNA ACE', 'ShipType': 'Passenger', 'MovementDateTime': '2012-01-01 21:58:17.000', 'Latitude': '51.8199182999999980', 'Longitude': '4.8724100000000004', 'MoveStatus': 'Moored', 'Heading': '42', 'Draught': '3', 'Speed': '0', 'Destination': 'HARDINXVELD', 'ETA': '2011-09-19 14:00:00.000'}, {'LRIMOShipNo': '9295490', 'ShipName': 'SILUNA ACE', 'ShipType': 'Passenger', 'MovementDateTime': '2012-01-02 02:59:39.000', 'Latitude': '51.8199066999999970', 'Longitude': '4.8723700000000001', 'MoveStatus': 'Moored', 'Heading': '42', 'Draught': '3', 'Speed': '0', 'Destination': 'HARDINXVELD', 'ETA': '2011-09-19 14:00:00.000'}, {'LRIMOShipNo': '9295490', 'ShipName': 'SILUNA ACE', 'ShipType': 'Passenger', 'MovementDateTime': '2012-01-02 03:59:46.000', 'Latitude': '51.8199116999999990', 'Longitude': '4.8723866999999998', 'MoveStatus': 'Moored', 'Heading': '42', 'Draught': '3', 'Speed': '0', 'Destination': 'HARDINXVELD', 'ETA': '2011-09-19 14:00:00.000'}, {'LRIMOShipNo': '9295490', 'ShipName': 'SILUNA ACE', 'ShipType': 'Passenger', 'MovementDateTime': '2012-01-02 05:58:43.000', 'Latitude': '51.8199167000000000', 'Longitude': '4.8723482999999996', 'MoveStatus': 'Moored', 'Heading': '42', 'Draught': '3', 'Speed': '0', 'Destination': 'HARDINXVELD', 'ETA': '2011-09-19 14:00:00.000'}, {'LRIMOShipNo': '9295490', 'ShipName': 'SILUNA ACE', 'ShipType': 'Passenger', 'MovementDateTime': '2012-01-02 06:59:10.000', 'Latitude': '51.8198767000000020', 'Longitude': '4.8723950000000000', 'MoveStatus': 'Moored', 'Heading': '42', 'Draught': '3', 'Speed': '0', 'Destination': 'HARDINXVELD', 'ETA': '2011-09-19 14:00:00.000'}, {'LRIMOShipNo': '9295490', 'ShipName': 'SILUNA ACE', 'ShipType': 'Passenger', 'MovementDateTime': '2012-01-02 09:57:23.000', 'Latitude': '51.8199133000000030', 'Longitude': '4.8723967000000004', 'MoveStatus': 'Moored', 'Heading': '42', 'Draught': '3', 'Speed': '0', 'Destination': 'HARDINXVELD', 'ETA': '2011-09-19 14:00:00.000'}, {'LRIMOShipNo': '9295490', 'ShipName': 'SILUNA ACE', 'ShipType': 'Passenger', 'MovementDateTime': '2012-01-02 11:58:23.000', 'Latitude': '51.8198982999999980', 'Longitude': '4.8723650000000003', 'MoveStatus': 'Moored', 'Heading': '42', 'Draught': '3', 'Speed': '0,1', 'Destination': 'HARDINXVELD', 'ETA': '2011-09-19 14:00:00.000'}, {'LRIMOShipNo': '9295490', 'ShipName': 'SILUNA ACE', 'ShipType': 'Passenger', 'MovementDateTime': '2012-01-02 12:55:45.000', 'Latitude': '51.8199133000000030', 'Longitude': '4.8723549999999998', 'MoveStatus': 'Moored', 'Heading': '42', 'Draught': '3', 'Speed': '0', 'Destination': 'HARDINXVELD', 'ETA': '2011-09-19 14:00:00.000'}, {'LRIMOShipNo': '9295490', 'ShipName': 'SILUNA ACE', 'ShipType': 'Passenger', 'MovementDateTime': '2012-01-02 14:59:40.000', 'Latitude': '51.8198849999999990', 'Longitude': '4.8723749999999999', 'MoveStatus': 'Moored', 'Heading': '42', 'Draught': '3', 'Speed': '0', 'Destination': 'HARDINXVELD', 'ETA': '2011-09-19 14:00:00.000'}, {'LRIMOShipNo': '9295490', 'ShipName': 'SILUNA ACE', 'ShipType': 'Passenger', 'MovementDateTime': '2012-01-02 15:57:05.000', 'Latitude': '51.8198900000000010', 'Longitude': '4.8723517000000003', 'MoveStatus': 'Moored', 'Heading': '42', 'Draught': '3', 'Speed': '0', 'Destination': 'HARDINXVELD', 'ETA': '2011-09-19 14:00:00.000'}, {'LRIMOShipNo': '9295490', 'ShipName': 'SILUNA ACE', 'ShipType': 'Passenger', 'MovementDateTime': '2012-01-02 23:57:29.000', 'Latitude': '51.8198767000000020', 'Longitude': '4.8724182999999996', 'MoveStatus': 'Moored', 'Heading': '42', 'Draught': '3', 'Speed': '0', 'Destination': 'HARDINXVELD', 'ETA': '2011-09-19 14:00:00.000'}, {'LRIMOShipNo': '9295490', 'ShipName': 'SILUNA ACE', 'ShipType': 'Passenger', 'MovementDateTime': '2012-01-03 03:56:11.000', 'Latitude': '51.8199049999999990', 'Longitude': '4.8724083000000000', 'MoveStatus': 'Moored', 'Heading': '42', 'Draught': '3', 'Speed': '0,1', 'Destination': 'HARDINXVELD', 'ETA': '2011-09-19 14:00:00.000'}, {'LRIMOShipNo': '9295490', 'ShipName': 'SILUNA ACE', 'ShipType': 'Passenger', 'MovementDateTime': '2012-01-03 05:57:09.000', 'Latitude': '51.8198932999999970', 'Longitude': '4.8723900000000002', 'MoveStatus': 'Moored', 'Heading': '42', 'Draught': '3', 'Speed': '0,1', 'Destination': 'HARDINXVELD', 'ETA': '2011-09-19 14:00:00.000'}, {'LRIMOShipNo': '9295490', 'ShipName': 'SILUNA ACE', 'ShipType': 'Passenger', 'MovementDateTime': '2012-01-03 06:51:30.000', 'Latitude': '51.8199167000000000', 'Longitude': '4.8723517000000003', 'MoveStatus': 'Moored', 'Heading': '42', 'Draught': '3', 'Speed': '0', 'Destination': 'HARDINXVELD', 'ETA': '2011-09-19 14:00:00.000'}, {'LRIMOShipNo': '9295490', 'ShipName': 'SILUNA ACE', 'ShipType': 'Passenger', 'MovementDateTime': '2012-01-03 08:59:26.000', 'Latitude': '51.8199049999999990', 'Longitude': '4.8723717000000004', 'MoveStatus': 'Moored', 'Heading': '42', 'Draught': '3', 'Speed': '0', 'Destination': 'HARDINXVELD', 'ETA': '2011-09-19 14:00:00.000'}, {'LRIMOShipNo': '9295490', 'ShipName': 'SILUNA ACE', 'ShipType': 'Passenger', 'MovementDateTime': '2012-01-03 09:59:51.000', 'Latitude': '51.8199133000000030', 'Longitude': '4.8723250000000000', 'MoveStatus': 'Moored', 'Heading': '42', 'Draught': '3', 'Speed': '0', 'Destination': 'HARDINXVELD', 'ETA': '2011-09-19 14:00:00.000'}, {'LRIMOShipNo': '9295490', 'ShipName': 'SILUNA ACE', 'ShipType': 'Passenger', 'MovementDateTime': '2012-01-03 11:00:16.000', 'Latitude': '51.8199066999999970', 'Longitude': '4.8723833000000001', 'MoveStatus': 'Moored', 'Heading': '42', 'Draught': '3', 'Speed': '0', 'Destination': 'HARDINXVELD', 'ETA': '2011-09-19 14:00:00.000'}, {'LRIMOShipNo': '9295490', 'ShipName': 'SILUNA ACE', 'ShipType': 'Passenger', 'MovementDateTime': '2012-01-03 14:59:03.000', 'Latitude': '51.8199049999999990', 'Longitude': '4.8723567000000001', 'MoveStatus': 'Moored', 'Heading': '42', 'Draught': '3', 'Speed': '0,1', 'Destination': 'HARDINXVELD', 'ETA': '2011-09-19 14:00:00.000'}, {'LRIMOShipNo': '9295490', 'ShipName': 'SILUNA ACE', 'ShipType': 'Passenger', 'MovementDateTime': '2012-01-03 17:59:19.000', 'Latitude': '51.8199033000000000', 'Longitude': '4.8723950000000000', 'MoveStatus': 'Moored', 'Heading': '42', 'Draught': '3', 'Speed': '0', 'Destination': 'HARDINXVELD', 'ETA': '2011-09-19 14:00:00.000'}, {'LRIMOShipNo': '9295490', 'ShipName': 'SILUNA ACE', 'ShipType': 'Passenger', 'MovementDateTime': '2012-01-04 00:59:21.000', 'Latitude': '51.8198950000000020', 'Longitude': '4.8723950000000000', 'MoveStatus': 'Moored', 'Heading': '42', 'Draught': '3', 'Speed': '0', 'Destination': 'HARDINXVELD', 'ETA': '2011-09-19 14:00:00.000'}, {'LRIMOShipNo': '9295490', 'ShipName': 'SILUNA ACE', 'ShipType': 'Passenger', 'MovementDateTime': '2012-01-04 02:58:31.000', 'Latitude': '51.8199232999999990', 'Longitude': '4.8723400000000003', 'MoveStatus': 'Moored', 'Heading': '42', 'Draught': '3', 'Speed': '0', 'Destination': 'HARDINXVELD', 'ETA': '2011-09-19 14:00:00.000'}, {'LRIMOShipNo': '9295490', 'ShipName': 'SILUNA ACE', 'ShipType': 'Passenger', 'MovementDateTime': '2012-01-04 03:58:32.000', 'Latitude': '51.8199182999999980', 'Longitude': '4.8723682999999998', 'MoveStatus': 'Moored', 'Heading': '42', 'Draught': '3', 'Speed': '0', 'Destination': 'HARDINXVELD', 'ETA': '2011-09-19 14:00:00.000'}, {'LRIMOShipNo': '9295490', 'ShipName': 'SILUNA ACE', 'ShipType': 'Passenger', 'MovementDateTime': '2012-01-04 05:58:47.000', 'Latitude': '51.8199232999999990', 'Longitude': '4.8723700000000001', 'MoveStatus': 'Moored', 'Heading': '42', 'Draught': '3', 'Speed': '0', 'Destination': 'HARDINXVELD', 'ETA': '2011-09-19 14:00:00.000'}, {'LRIMOShipNo': '9295490', 'ShipName': 'SILUNA ACE', 'ShipType': 'Passenger', 'MovementDateTime': '2012-01-04 09:00:50.000', 'Latitude': '51.8198683000000030', 'Longitude': '4.8724350000000003', 'MoveStatus': 'Moored', 'Heading': '42', 'Draught': '3', 'Speed': '0', 'Destination': 'HARDINXVELD', 'ETA': '2011-09-19 14:00:00.000'}, {'LRIMOShipNo': '9295490', 'ShipName': 'SILUNA ACE', 'ShipType': 'Passenger', 'MovementDateTime': '2012-01-04 12:00:21.000', 'Latitude': '51.8199017000000030', 'Longitude': '4.8723633000000000', 'MoveStatus': 'Moored', 'Heading': '42', 'Draught': '3', 'Speed': '0', 'Destination': 'HARDINXVELD', 'ETA': '2011-09-19 14:00:00.000'}, {'LRIMOShipNo': '9295490', 'ShipName': 'SILUNA ACE', 'ShipType': 'Passenger', 'MovementDateTime': '2012-01-04 15:00:21.000', 'Latitude': '51.8198982999999980', 'Longitude': '4.8723650000000003', 'MoveStatus': 'Moored', 'Heading': '42', 'Draught': '3', 'Speed': '0', 'Destination': 'HARDINXVELD', 'ETA': '2011-09-19 14:00:00.000'}, {'LRIMOShipNo': '9295490', 'ShipName': 'SILUNA ACE', 'ShipType': 'Passenger', 'MovementDateTime': '2012-01-04 21:59:24.000', 'Latitude': '51.8198666999999990', 'Longitude': '4.8723999999999998', 'MoveStatus': 'Moored', 'Heading': '42', 'Draught': '3', 'Speed': '0', 'Destination': 'HARDINXVELD', 'ETA': '2011-09-19 14:00:00.000'}, {'LRIMOShipNo': '9295490', 'ShipName': 'SILUNA ACE', 'ShipType': 'Passenger', 'MovementDateTime': '2012-01-04 22:54:27.000', 'Latitude': '51.8198883000000020', 'Longitude': '4.8724017000000002', 'MoveStatus': 'Moored', 'Heading': '42', 'Draught': '3', 'Speed': '0,1', 'Destination': 'HARDINXVELD', 'ETA': '2011-09-19 14:00:00.000'}, {'LRIMOShipNo': '9295490', 'ShipName': 'SILUNA ACE', 'ShipType': 'Passenger', 'MovementDateTime': '2012-01-04 23:57:12.000', 'Latitude': '51.8198833000000010', 'Longitude': '4.8724182999999996', 'MoveStatus': 'Moored', 'Heading': '42', 'Draught': '3', 'Speed': '0', 'Destination': 'HARDINXVELD', 'ETA': '2011-09-19 14:00:00.000'}, {'LRIMOShipNo': '9295490', 'ShipName': 'SILUNA ACE', 'ShipType': 'Passenger', 'MovementDateTime': '2012-01-05 00:57:42.000', 'Latitude': '51.8198967000000010', 'Longitude': '4.8723466999999996', 'MoveStatus': 'Moored', 'Heading': '42', 'Draught': '3', 'Speed': '0,1', 'Destination': 'HARDINXVELD', 'ETA': '2011-09-19 14:00:00.000'}, {'LRIMOShipNo': '9295490', 'ShipName': 'SILUNA ACE', 'ShipType': 'Passenger', 'MovementDateTime': '2012-01-05 02:58:36.000', 'Latitude': '51.8199583000000030', 'Longitude': '4.8723099999999997', 'MoveStatus': 'Moored', 'Heading': '42', 'Draught': '3', 'Speed': '0', 'Destination': 'HARDINXVELD', 'ETA': '2011-09-19 14:00:00.000'}, {'LRIMOShipNo': '9295490', 'ShipName': 'SILUNA ACE', 'ShipType': 'Passenger', 'MovementDateTime': '2012-01-05 03:59:04.000', 'Latitude': '51.8199049999999990', 'Longitude': '4.8723616999999999', 'MoveStatus': 'Moored', 'Heading': '42', 'Draught': '3', 'Speed': '0', 'Destination': 'HARDINXVELD', 'ETA': '2011-09-19 14:00:00.000'}, {'LRIMOShipNo': '9295490', 'ShipName': 'SILUNA ACE', 'ShipType': 'Passenger', 'MovementDateTime': '2012-01-05 05:59:54.000', 'Latitude': '51.8198982999999980', 'Longitude': '4.8723767000000002', 'MoveStatus': 'Moored', 'Heading': '42', 'Draught': '3', 'Speed': '0,1', 'Destination': 'HARDINXVELD', 'ETA': '2011-09-19 14:00:00.000'}, {'LRIMOShipNo': '9295490', 'ShipName': 'SILUNA ACE', 'ShipType': 'Passenger', 'MovementDateTime': '2012-01-05 06:57:15.000', 'Latitude': '51.8198932999999970', 'Longitude': '4.8723533000000003', 'MoveStatus': 'Moored', 'Heading': '42', 'Draught': '3', 'Speed': '0,1', 'Destination': 'HARDINXVELD', 'ETA': '2011-09-19 14:00:00.000'}, {'LRIMOShipNo': '9295490', 'ShipName': 'SILUNA ACE', 'ShipType': 'Passenger', 'MovementDateTime': '2012-01-05 07:57:45.000', 'Latitude': '51.8199232999999990', 'Longitude': '4.8723717000000004', 'MoveStatus': 'Moored', 'Heading': '42', 'Draught': '3', 'Speed': '0', 'Destination': 'HARDINXVELD', 'ETA': '2011-09-19 14:00:00.000'}, {'LRIMOShipNo': '9295490', 'ShipName': 'SILUNA ACE', 'ShipType': 'Passenger', 'MovementDateTime': '2012-01-05 09:59:35.000', 'Latitude': '51.8198900000000010', 'Longitude': '4.8723482999999996', 'MoveStatus': 'Moored', 'Heading': '42', 'Draught': '3', 'Speed': '0,1', 'Destination': 'HARDINXVELD', 'ETA': '2011-09-19 14:00:00.000'}, {'LRIMOShipNo': '9295490', 'ShipName': 'SILUNA ACE', 'ShipType': 'Passenger', 'MovementDateTime': '2012-01-05 13:58:21.000', 'Latitude': '51.8199299999999990', 'Longitude': '4.8723616999999999', 'MoveStatus': 'Moored', 'Heading': '42', 'Draught': '3', 'Speed': '0', 'Destination': 'HARDINXVELD', 'ETA': '2011-09-19 14:00:00.000'}, {'LRIMOShipNo': '9295490', 'ShipName': 'SILUNA ACE', 'ShipType': 'Passenger', 'MovementDateTime': '2012-01-05 17:59:05.000', 'Latitude': '51.8199182999999980', 'Longitude': '4.8723500000000000', 'MoveStatus': 'Moored', 'Heading': '42', 'Draught': '3', 'Speed': '0', 'Destination': 'HARDINXVELD', 'ETA': '2011-09-19 14:00:00.000'}, {'LRIMOShipNo': '9295490', 'ShipName': 'SILUNA ACE', 'ShipType': 'Passenger', 'MovementDateTime': '2012-01-05 20:57:20.000', 'Latitude': '51.8198982999999980', 'Longitude': '4.8723666999999997', 'MoveStatus': 'Moored', 'Heading': '42', 'Draught': '3', 'Speed': '0', 'Destination': 'HARDINXVELD', 'ETA': '2011-09-19 14:00:00.000'}, {'LRIMOShipNo': '9295490', 'ShipName': 'SILUNA ACE', 'ShipType': 'Passenger', 'MovementDateTime': '2012-01-05 21:57:46.000', 'Latitude': '51.8198967000000010', 'Longitude': '4.8723700000000001', 'MoveStatus': 'Moored', 'Heading': '42', 'Draught': '3', 'Speed': '0', 'Destination': 'HARDINXVELD', 'ETA': '2011-09-19 14:00:00.000'}, {'LRIMOShipNo': '9295490', 'ShipName': 'SILUNA ACE', 'ShipType': 'Passenger', 'MovementDateTime': '2012-01-05 23:56:55.000', 'Latitude': '51.8199066999999970', 'Longitude': '4.8723767000000002', 'MoveStatus': 'Moored', 'Heading': '42', 'Draught': '3', 'Speed': '0', 'Destination': 'HARDINXVELD', 'ETA': '2011-09-19 14:00:00.000'}, {'LRIMOShipNo': '9295490', 'ShipName': 'SILUNA ACE', 'ShipType': 'Passenger', 'MovementDateTime': '2012-01-06 02:57:12.000', 'Latitude': '51.8198950000000020', 'Longitude': '4.8723633000000000', 'MoveStatus': 'Moored', 'Heading': '42', 'Draught': '3', 'Speed': '0', 'Destination': 'HARDINXVELD', 'ETA': '2011-09-19 14:00:00.000'}, {'LRIMOShipNo': '9295490', 'ShipName': 'SILUNA ACE', 'ShipType': 'Passenger', 'MovementDateTime': '2012-01-06 03:57:14.000', 'Latitude': '51.8199467000000030', 'Longitude': '4.8723517000000003', 'MoveStatus': 'Moored', 'Heading': '42', 'Draught': '3', 'Speed': '0', 'Destination': 'HARDINXVELD', 'ETA': '2011-09-19 14:00:00.000'}, {'LRIMOShipNo': '9295490', 'ShipName': 'SILUNA ACE', 'ShipType': 'Passenger', 'MovementDateTime': '2012-01-06 04:57:44.000', 'Latitude': '51.8198982999999980', 'Longitude': '4.8723482999999996', 'MoveStatus': 'Moored', 'Heading': '42', 'Draught': '3', 'Speed': '0', 'Destination': 'HARDINXVELD', 'ETA': '2011-09-19 14:00:00.000'}, {'LRIMOShipNo': '9295490', 'ShipName': 'SILUNA ACE', 'ShipType': 'Passenger', 'MovementDateTime': '2012-01-06 09:58:52.000', 'Latitude': '51.8198932999999970', 'Longitude': '4.8723250000000000', 'MoveStatus': 'Moored', 'Heading': '42', 'Draught': '3', 'Speed': '0', 'Destination': 'HARDINXVELD', 'ETA': '2011-09-19 14:00:00.000'}, {'LRIMOShipNo': '9295490', 'ShipName': 'SILUNA ACE', 'ShipType': 'Passenger', 'MovementDateTime': '2012-01-06 10:58:55.000', 'Latitude': '51.8198950000000020', 'Longitude': '4.8723916999999997', 'MoveStatus': 'Moored', 'Heading': '42', 'Draught': '3', 'Speed': '0', 'Destination': 'HARDINXVELD', 'ETA': '2011-09-19 14:00:00.000'}, {'LRIMOShipNo': '9295490', 'ShipName': 'SILUNA ACE', 'ShipType': 'Passenger', 'MovementDateTime': '2012-01-06 11:59:04.000', 'Latitude': '51.8199033000000000', 'Longitude': '4.8723567000000001', 'MoveStatus': 'Moored', 'Heading': '42', 'Draught': '3', 'Speed': '0,1', 'Destination': 'HARDINXVELD', 'ETA': '2011-09-19 14:00:00.000'}, {'LRIMOShipNo': '9295490', 'ShipName': 'SILUNA ACE', 'ShipType': 'Passenger', 'MovementDateTime': '2012-01-06 15:00:03.000', 'Latitude': '51.8199033000000000', 'Longitude': '4.8723517000000003', 'MoveStatus': 'Moored', 'Heading': '42', 'Draught': '3', 'Speed': '0,1', 'Destination': 'HARDINXVELD', 'ETA': '2011-09-19 14:00:00.000'}, {'LRIMOShipNo': '9295490', 'ShipName': 'SILUNA ACE', 'ShipType': 'Passenger', 'MovementDateTime': '2012-01-06 16:00:28.000', 'Latitude': '51.8198916999999990', 'Longitude': '4.8723450000000001', 'MoveStatus': 'Moored', 'Heading': '42', 'Draught': '3', 'Speed': '0', 'Destination': 'HARDINXVELD', 'ETA': '2011-09-19 14:00:00.000'}, {'LRIMOShipNo': '9295490', 'ShipName': 'SILUNA ACE', 'ShipType': 'Passenger', 'MovementDateTime': '2012-01-06 17:58:41.000', 'Latitude': '51.8199133000000030', 'Longitude': '4.8723549999999998', 'MoveStatus': 'Moored', 'Heading': '42', 'Draught': '3', 'Speed': '0', 'Destination': 'HARDINXVELD', 'ETA': '2011-09-19 14:00:00.000'}, {'LRIMOShipNo': '9295490', 'ShipName': 'SILUNA ACE', 'ShipType': 'Passenger', 'MovementDateTime': '2012-01-06 18:58:41.000', 'Latitude': '51.8199283000000010', 'Longitude': '4.8723767000000002', 'MoveStatus': 'Moored', 'Heading': '42', 'Draught': '3', 'Speed': '0', 'Destination': 'HARDINXVELD', 'ETA': '2011-09-19 14:00:00.000'}, {'LRIMOShipNo': '9295490', 'ShipName': 'SILUNA ACE', 'ShipType': 'Passenger', 'MovementDateTime': '2012-01-06 19:58:52.000', 'Latitude': '51.8198750000000030', 'Longitude': '4.8724049999999997', 'MoveStatus': 'Moored', 'Heading': '42', 'Draught': '3', 'Speed': '0,1', 'Destination': 'HARDINXVELD', 'ETA': '2011-09-19 14:00:00.000'}, {'LRIMOShipNo': '9295490', 'ShipName': 'SILUNA ACE', 'ShipType': 'Passenger', 'MovementDateTime': '2012-01-06 20:59:01.000', 'Latitude': '51.8198916999999990', 'Longitude': '4.8723866999999998', 'MoveStatus': 'Moored', 'Heading': '42', 'Draught': '3', 'Speed': '0', 'Destination': 'HARDINXVELD', 'ETA': '2011-09-19 14:00:00.000'}, {'LRIMOShipNo': '9295490', 'ShipName': 'SILUNA ACE', 'ShipType': 'Passenger', 'MovementDateTime': '2012-01-06 23:59:17.000', 'Latitude': '51.8199017000000030', 'Longitude': '4.8723916999999997', 'MoveStatus': 'Moored', 'Heading': '42', 'Draught': '3', 'Speed': '0', 'Destination': 'HARDINXVELD', 'ETA': '2011-09-19 14:00:00.000'}, {'LRIMOShipNo': '9295490', 'ShipName': 'SILUNA ACE', 'ShipType': 'Passenger', 'MovementDateTime': '2012-01-07 01:59:26.000', 'Latitude': '51.8199017000000030', 'Longitude': '4.8723732999999996', 'MoveStatus': 'Moored', 'Heading': '42', 'Draught': '3', 'Speed': '0', 'Destination': 'HARDINXVELD', 'ETA': '2011-09-19 14:00:00.000'}, {'LRIMOShipNo': '9295490', 'ShipName': 'SILUNA ACE', 'ShipType': 'Passenger', 'MovementDateTime': '2012-01-07 02:55:19.000', 'Latitude': '51.8199017000000030', 'Longitude': '4.8723517000000003', 'MoveStatus': 'Moored', 'Heading': '42', 'Draught': '3', 'Speed': '0', 'Destination': 'HARDINXVELD', 'ETA': '2011-09-19 14:00:00.000'}, {'LRIMOShipNo': '9295490', 'ShipName': 'SILUNA ACE', 'ShipType': 'Passenger', 'MovementDateTime': '2012-01-07 03:59:40.000', 'Latitude': '51.8199100000000000', 'Longitude': '4.8723267000000003', 'MoveStatus': 'Moored', 'Heading': '42', 'Draught': '3', 'Speed': '0', 'Destination': 'HARDINXVELD', 'ETA': '2011-09-19 14:00:00.000'}, {'LRIMOShipNo': '9295490', 'ShipName': 'SILUNA ACE', 'ShipType': 'Passenger', 'MovementDateTime': '2012-01-07 04:59:10.000', 'Latitude': '51.8198932999999970', 'Longitude': '4.8723799999999997', 'MoveStatus': 'Moored', 'Heading': '42', 'Draught': '3', 'Speed': '0', 'Destination': 'HARDINXVELD', 'ETA': '2011-09-19 14:00:00.000'}, {'LRIMOShipNo': '9295490', 'ShipName': 'SILUNA ACE', 'ShipType': 'Passenger', 'MovementDateTime': '2012-01-07 05:59:36.000', 'Latitude': '51.8199066999999970', 'Longitude': '4.8723650000000003', 'MoveStatus': 'Moored', 'Heading': '42', 'Draught': '3', 'Speed': '0', 'Destination': 'HARDINXVELD', 'ETA': '2011-09-19 14:00:00.000'}, {'LRIMOShipNo': '9295490', 'ShipName': 'SILUNA ACE', 'ShipType': 'Passenger', 'MovementDateTime': '2012-01-07 06:57:01.000', 'Latitude': '51.8199100000000000', 'Longitude': '4.8723549999999998', 'MoveStatus': 'Moored', 'Heading': '42', 'Draught': '3', 'Speed': '0', 'Destination': 'HARDINXVELD', 'ETA': '2011-09-19 14:00:00.000'}, {'LRIMOShipNo': '9295490', 'ShipName': 'SILUNA ACE', 'ShipType': 'Passenger', 'MovementDateTime': '2012-01-07 17:58:49.000', 'Latitude': '51.8199116999999990', 'Longitude': '4.8723583000000001', 'MoveStatus': 'Moored', 'Heading': '42', 'Draught': '3', 'Speed': '0', 'Destination': 'HARDINXVELD', 'ETA': '2011-09-19 14:00:00.000'}, {'LRIMOShipNo': '9295490', 'ShipName': 'SILUNA ACE', 'ShipType': 'Passenger', 'MovementDateTime': '2012-01-07 21:57:33.000', 'Latitude': '51.8198833000000010', 'Longitude': '4.8723432999999998', 'MoveStatus': 'Moored', 'Heading': '42', 'Draught': '3', 'Speed': '0,1', 'Destination': 'HARDINXVELD', 'ETA': '2011-09-19 14:00:00.000'}, {'LRIMOShipNo': '9295490', 'ShipName': 'SILUNA ACE', 'ShipType': 'Passenger', 'MovementDateTime': '2012-01-07 23:58:23.000', 'Latitude': '51.8198900000000010', 'Longitude': '4.8723767000000002', 'MoveStatus': 'Moored', 'Heading': '42', 'Draught': '3', 'Speed': '0', 'Destination': 'HARDINXVELD', 'ETA': '2011-09-19 14:00:00.000'}, {'LRIMOShipNo': '9295490', 'ShipName': 'SILUNA ACE', 'ShipType': 'Passenger', 'MovementDateTime': '2012-01-08 02:59:41.000', 'Latitude': '51.8199033000000000', 'Longitude': '4.8723299999999998', 'MoveStatus': 'Moored', 'Heading': '42', 'Draught': '3', 'Speed': '0,1', 'Destination': 'HARDINXVELD', 'ETA': '2011-09-19 14:00:00.000'}, {'LRIMOShipNo': '9295490', 'ShipName': 'SILUNA ACE', 'ShipType': 'Passenger', 'MovementDateTime': '2012-01-08 04:56:06.000', 'Latitude': '51.8199200000000030', 'Longitude': '4.8722932999999999', 'MoveStatus': 'Moored', 'Heading': '42', 'Draught': '3', 'Speed': '0', 'Destination': 'HARDINXVELD', 'ETA': '2011-09-19 14:00:00.000'}, {'LRIMOShipNo': '9295490', 'ShipName': 'SILUNA ACE', 'ShipType': 'Passenger', 'MovementDateTime': '2012-01-08 11:57:37.000', 'Latitude': '51.8198967000000010', 'Longitude': '4.8723732999999996', 'MoveStatus': 'Moored', 'Heading': '42', 'Draught': '3', 'Speed': '0', 'Destination': 'HARDINXVELD', 'ETA': '2011-09-19 14:00:00.000'}, {'LRIMOShipNo': '9295490', 'ShipName': 'SILUNA ACE', 'ShipType': 'Passenger', 'MovementDateTime': '2012-01-08 12:58:00.000', 'Latitude': '51.8199033000000000', 'Longitude': '4.8723682999999998', 'MoveStatus': 'Moored', 'Heading': '42', 'Draught': '3', 'Speed': '0', 'Destination': 'HARDINXVELD', 'ETA': '2011-09-19 14:00:00.000'}, {'LRIMOShipNo': '9295490', 'ShipName': 'SILUNA ACE', 'ShipType': 'Passenger', 'MovementDateTime': '2012-01-08 21:57:39.000', 'Latitude': '51.8198999999999970', 'Longitude': '4.8723549999999998', 'MoveStatus': 'Moored', 'Heading': '42', 'Draught': '3', 'Speed': '0', 'Destination': 'HARDINXVELD', 'ETA': '2011-09-19 14:00:00.000'}, {'LRIMOShipNo': '9295490', 'ShipName': 'SILUNA ACE', 'ShipType': 'Passenger', 'MovementDateTime': '2012-01-09 04:55:57.000', 'Latitude': '51.8199150000000020', 'Longitude': '4.8723383000000000', 'MoveStatus': 'Moored', 'Heading': '42', 'Draught': '3', 'Speed': '0', 'Destination': 'HARDINXVELD', 'ETA': '2011-09-19 14:00:00.000'}, {'LRIMOShipNo': '9295490', 'ShipName': 'SILUNA ACE', 'ShipType': 'Passenger', 'MovementDateTime': '2012-01-09 05:59:24.000', 'Latitude': '51.8199083000000020', 'Longitude': '4.8723717000000004', 'MoveStatus': 'Moored', 'Heading': '42', 'Draught': '3', 'Speed': '0', 'Destination': 'HARDINXVELD', 'ETA': '2011-09-19 14:00:00.000'}, {'LRIMOShipNo': '9295490', 'ShipName': 'SILUNA ACE', 'ShipType': 'Passenger', 'MovementDateTime': '2012-01-09 07:57:14.000', 'Latitude': '51.8199049999999990', 'Longitude': '4.8723616999999999', 'MoveStatus': 'Moored', 'Heading': '42', 'Draught': '3', 'Speed': '0', 'Destination': 'HARDINXVELD', 'ETA': '2011-09-19 14:00:00.000'}, {'LRIMOShipNo': '9295490', 'ShipName': 'SILUNA ACE', 'ShipType': 'Passenger', 'MovementDateTime': '2012-01-09 10:00:02.000', 'Latitude': '51.8199116999999990', 'Longitude': '4.8723666999999997', 'MoveStatus': 'Moored', 'Heading': '42', 'Draught': '3', 'Speed': '0', 'Destination': 'HARDINXVELD', 'ETA': '2011-09-19 14:00:00.000'}, {'LRIMOShipNo': '9295490', 'ShipName': 'SILUNA ACE', 'ShipType': 'Passenger', 'MovementDateTime': '2012-01-09 11:00:04.000', 'Latitude': '51.8198982999999980', 'Longitude': '4.8723616999999999', 'MoveStatus': 'Moored', 'Heading': '42', 'Draught': '3', 'Speed': '0', 'Destination': 'HARDINXVELD', 'ETA': '2011-09-19 14:00:00.000'}, {'LRIMOShipNo': '9295490', 'ShipName': 'SILUNA ACE', 'ShipType': 'Passenger', 'MovementDateTime': '2012-01-09 13:00:21.000', 'Latitude': '51.8199133000000030', 'Longitude': '4.8723882999999999', 'MoveStatus': 'Moored', 'Heading': '42', 'Draught': '3', 'Speed': '0', 'Destination': 'HARDINXVELD', 'ETA': '2011-09-19 14:00:00.000'}, {'LRIMOShipNo': '9295490', 'ShipName': 'SILUNA ACE', 'ShipType': 'Passenger', 'MovementDateTime': '2012-01-09 16:59:38.000', 'Latitude': '51.8198300000000030', 'Longitude': '4.8725649999999998', 'MoveStatus': 'Moored', 'Heading': '42', 'Draught': '3', 'Speed': '0', 'Destination': 'HARDINXVELD', 'ETA': '2011-09-19 14:00:00.000'}, {'LRIMOShipNo': '9295490', 'ShipName': 'SILUNA ACE', 'ShipType': 'Passenger', 'MovementDateTime': '2012-01-09 18:59:50.000', 'Latitude': '51.8199066999999970', 'Longitude': '4.8723700000000001', 'MoveStatus': 'Moored', 'Heading': '42', 'Draught': '3', 'Speed': '0,1', 'Destination': 'HARDINXVELD', 'ETA': '2011-09-19 14:00:00.000'}, {'LRIMOShipNo': '9295490', 'ShipName': 'SILUNA ACE', 'ShipType': 'Passenger', 'MovementDateTime': '2012-01-09 19:59:26.000', 'Latitude': '51.8198833000000010', 'Longitude': '4.8723916999999997', 'MoveStatus': 'Moored', 'Heading': '42', 'Draught': '3', 'Speed': '0,1', 'Destination': 'HARDINXVELD', 'ETA': '2011-09-19 14:00:00.000'}, {'LRIMOShipNo': '9295490', 'ShipName': 'SILUNA ACE', 'ShipType': 'Passenger', 'MovementDateTime': '2012-01-09 22:57:41.000', 'Latitude': '51.8198883000000020', 'Longitude': '4.8723749999999999', 'MoveStatus': 'Moored', 'Heading': '42', 'Draught': '3', 'Speed': '0', 'Destination': 'HARDINXVELD', 'ETA': '2011-09-19 14:00:00.000'}, {'LRIMOShipNo': '9295490', 'ShipName': 'SILUNA ACE', 'ShipType': 'Passenger', 'MovementDateTime': '2012-01-10 02:59:23.000', 'Latitude': '51.8199083000000020', 'Longitude': '4.8723583000000001', 'MoveStatus': 'Moored', 'Heading': '42', 'Draught': '3', 'Speed': '0,1', 'Destination': 'HARDINXVELD', 'ETA': '2011-09-19 14:00:00.000'}, {'LRIMOShipNo': '9295490', 'ShipName': 'SILUNA ACE', 'ShipType': 'Passenger', 'MovementDateTime': '2012-01-10 05:57:41.000', 'Latitude': '51.8199066999999970', 'Longitude': '4.8723783000000003', 'MoveStatus': 'Moored', 'Heading': '42', 'Draught': '3', 'Speed': '0', 'Destination': 'HARDINXVELD', 'ETA': '2011-09-19 14:00:00.000'}]