[{'LRIMOShipNo': '9295490', 'ShipName': 'SILUNA ACE', 'ShipType': 'Passenger', 'MovementDateTime': '2012-01-01 00:57:04.000', 'Latitude': '51.8199100000000000', 'Longitude': '4.8723500000000000', 'MoveStatus': 'Moored', 'Heading': '42', 'Draught': '3', 'Speed': '0,1', 'Destination': 'HARDINXVELD', 'ETA': '2011-09-19 14:00:00.000'}, {'LRIMOShipNo': '9295490', 'ShipName': 'SILUNA ACE', 'ShipType': 'Passenger', 'MovementDateTime': '2012-01-01 06:57:49.000', 'Latitude': '51.8198999999999970', 'Longitude': '4.8723567000000001', 'MoveStatus': 'Moored', 'Heading': '42', 'Draught': '3', 'Speed': '0,1', 'Destination': 'HARDINXVELD', 'ETA': '2011-09-19 14:00:00.000'}, {'LRIMOShipNo': '9295490', 'ShipName': 'SILUNA ACE', 'ShipType': 'Passenger', 'MovementDateTime': '2012-01-01 08:58:36.000', 'Latitude': '51.8199299999999990', 'Longitude': '4.8723232999999997', 'MoveStatus': 'Moored', 'Heading': '42', 'Draught': '3', 'Speed': '0,1', 'Destination': 'HARDINXVELD', 'ETA': '2011-09-19 14:00:00.000'}, {'LRIMOShipNo': '9295490', 'ShipName': 'SILUNA ACE', 'ShipType': 'Passenger', 'MovementDateTime': '2012-01-01 09:59:08.000', 'Latitude': '51.8198817000000030', 'Longitude': '4.8724017000000002', 'MoveStatus': 'Moored', 'Heading': '42', 'Draught': '3', 'Speed': '0,1', 'Destination': 'HARDINXVELD', 'ETA': '2011-09-19 14:00:00.000'}, {'LRIMOShipNo': '9295490', 'ShipName': 'SILUNA ACE', 'ShipType': 'Passenger', 'MovementDateTime': '2012-01-02 01:56:52.000', 'Latitude': '51.8199350000000010', 'Longitude': '4.8723682999999998', 'MoveStatus': 'Moored', 'Heading': '41', 'Draught': '3', 'Speed': '0,1', 'Destination': 'HARDINXVELD', 'ETA': '2011-09-19 14:00:00.000'}, {'LRIMOShipNo': '9295490', 'ShipName': 'SILUNA ACE', 'ShipType': 'Passenger', 'MovementDateTime': '2012-01-02 11:58:23.000', 'Latitude': '51.8198982999999980', 'Longitude': '4.8723650000000003', 'MoveStatus': 'Moored', 'Heading': '42', 'Draught': '3', 'Speed': '0,1', 'Destination': 'HARDINXVELD', 'ETA': '2011-09-19 14:00:00.000'}, {'LRIMOShipNo': '9295490', 'ShipName': 'SILUNA ACE', 'ShipType': 'Passenger', 'MovementDateTime': '2012-01-02 13:56:14.000', 'Latitude': '51.8199232999999990', 'Longitude': '4.8723182999999999', 'MoveStatus': 'Moored', 'Heading': '41', 'Draught': '3', 'Speed': '0,1', 'Destination': 'HARDINXVELD', 'ETA': '2011-09-19 14:00:00.000'}, {'LRIMOShipNo': '9295490', 'ShipName': 'SILUNA ACE', 'ShipType': 'Passenger', 'MovementDateTime': '2012-01-02 16:57:29.000', 'Latitude': '51.8198767000000020', 'Longitude': '4.8724499999999997', 'MoveStatus': 'Moored', 'Heading': '40', 'Draught': '3', 'Speed': '0,1', 'Destination': 'HARDINXVELD', 'ETA': '2011-09-19 14:00:00.000'}, {'LRIMOShipNo': '9295490', 'ShipName': 'SILUNA ACE', 'ShipType': 'Passenger', 'MovementDateTime': '2012-01-02 17:57:56.000', 'Latitude': '51.8199017000000030', 'Longitude': '4.8723482999999996', 'MoveStatus': 'Moored', 'Heading': '43', 'Draught': '3', 'Speed': '0,1', 'Destination': 'HARDINXVELD', 'ETA': '2011-09-19 14:00:00.000'}, {'LRIMOShipNo': '9295490', 'ShipName': 'SILUNA ACE', 'ShipType': 'Passenger', 'MovementDateTime': '2012-01-02 18:58:23.000', 'Latitude': '51.8199249999999980', 'Longitude': '4.8723900000000002', 'MoveStatus': 'Moored', 'Heading': '41', 'Draught': '3', 'Speed': '0,1', 'Destination': 'HARDINXVELD', 'ETA': '2011-09-19 14:00:00.000'}, {'LRIMOShipNo': '9295490', 'ShipName': 'SILUNA ACE', 'ShipType': 'Passenger', 'MovementDateTime': '2012-01-02 19:58:45.000', 'Latitude': '51.8198782999999990', 'Longitude': '4.8723882999999999', 'MoveStatus': 'Moored', 'Heading': '41', 'Draught': '3', 'Speed': '0,1', 'Destination': 'HARDINXVELD', 'ETA': '2011-09-19 14:00:00.000'}, {'LRIMOShipNo': '9295490', 'ShipName': 'SILUNA ACE', 'ShipType': 'Passenger', 'MovementDateTime': '2012-01-03 03:56:11.000', 'Latitude': '51.8199049999999990', 'Longitude': '4.8724083000000000', 'MoveStatus': 'Moored', 'Heading': '42', 'Draught': '3', 'Speed': '0,1', 'Destination': 'HARDINXVELD', 'ETA': '2011-09-19 14:00:00.000'}, {'LRIMOShipNo': '9295490', 'ShipName': 'SILUNA ACE', 'ShipType': 'Passenger', 'MovementDateTime': '2012-01-03 05:57:09.000', 'Latitude': '51.8198932999999970', 'Longitude': '4.8723900000000002', 'MoveStatus': 'Moored', 'Heading': '42', 'Draught': '3', 'Speed': '0,1', 'Destination': 'HARDINXVELD', 'ETA': '2011-09-19 14:00:00.000'}, {'LRIMOShipNo': '9566148', 'ShipName': 'WINDSUPPLIER', 'ShipType': 'Passenger', 'MovementDateTime': '2012-01-03 07:59:35.000', 'Latitude': '55.4726117000000020', 'Longitude': '8.4220632999999996', 'MoveStatus': 'Moored', 'Heading': '154', 'Draught': '2', 'Speed': '0,1', 'Destination': 'HR 2', 'ETA': '9999-12-31 23:59:59.000'}, {'LRIMOShipNo': '9566148', 'ShipName': 'WINDSUPPLIER', 'ShipType': 'Passenger', 'MovementDateTime': '2012-01-03 08:59:36.000', 'Latitude': '55.4726000000000000', 'Longitude': '8.4220567000000006', 'MoveStatus': 'Moored', 'Heading': '154', 'Draught': '2', 'Speed': '0,1', 'Destination': 'HR 2', 'ETA': '9999-12-31 23:59:59.000'}, {'LRIMOShipNo': '9566148', 'ShipName': 'WINDSUPPLIER', 'ShipType': 'Passenger', 'MovementDateTime': '2012-01-03 11:59:50.000', 'Latitude': '55.4726067000000000', 'Longitude': '8.4220500000000005', 'MoveStatus': 'Moored', 'Heading': '153', 'Draught': '2', 'Speed': '0,1', 'Destination': 'HR 2', 'ETA': '9999-12-31 23:59:59.000'}, {'LRIMOShipNo': '9295490', 'ShipName': 'SILUNA ACE', 'ShipType': 'Passenger', 'MovementDateTime': '2012-01-03 12:00:42.000', 'Latitude': '51.8198932999999970', 'Longitude': '4.8723850000000004', 'MoveStatus': 'Moored', 'Heading': '43', 'Draught': '3', 'Speed': '0,1', 'Destination': 'HARDINXVELD', 'ETA': '2011-09-19 14:00:00.000'}, {'LRIMOShipNo': '9566148', 'ShipName': 'WINDSUPPLIER', 'ShipType': 'Passenger', 'MovementDateTime': '2012-01-03 13:00:31.000', 'Latitude': '55.4725766999999980', 'Longitude': '8.4221383000000003', 'MoveStatus': 'Moored', 'Heading': '153', 'Draught': '2', 'Speed': '0,1', 'Destination': 'HR 2', 'ETA': '9999-12-31 23:59:59.000'}, {'LRIMOShipNo': '9566148', 'ShipName': 'WINDSUPPLIER', 'ShipType': 'Passenger', 'MovementDateTime': '2012-01-03 13:59:50.000', 'Latitude': '55.4725682999999990', 'Longitude': '8.4220550000000003', 'MoveStatus': 'Moored', 'Heading': '153', 'Draught': '2', 'Speed': '0,1', 'Destination': 'HR 2', 'ETA': '9999-12-31 23:59:59.000'}, {'LRIMOShipNo': '9295490', 'ShipName': 'SILUNA ACE', 'ShipType': 'Passenger', 'MovementDateTime': '2012-01-03 13:58:34.000', 'Latitude': '51.8199133000000030', 'Longitude': '4.8723633000000000', 'MoveStatus': 'Moored', 'Heading': '41', 'Draught': '3', 'Speed': '0,1', 'Destination': 'HARDINXVELD', 'ETA': '2011-09-19 14:00:00.000'}, {'LRIMOShipNo': '9566148', 'ShipName': 'WINDSUPPLIER', 'ShipType': 'Passenger', 'MovementDateTime': '2012-01-03 14:59:51.000', 'Latitude': '55.4725949999999980', 'Longitude': '8.4221350000000008', 'MoveStatus': 'Moored', 'Heading': '154', 'Draught': '2', 'Speed': '0,1', 'Destination': 'HR 2', 'ETA': '9999-12-31 23:59:59.000'}, {'LRIMOShipNo': '9295490', 'ShipName': 'SILUNA ACE', 'ShipType': 'Passenger', 'MovementDateTime': '2012-01-03 14:59:03.000', 'Latitude': '51.8199049999999990', 'Longitude': '4.8723567000000001', 'MoveStatus': 'Moored', 'Heading': '42', 'Draught': '3', 'Speed': '0,1', 'Destination': 'HARDINXVELD', 'ETA': '2011-09-19 14:00:00.000'}, {'LRIMOShipNo': '9566148', 'ShipName': 'WINDSUPPLIER', 'ShipType': 'Passenger', 'MovementDateTime': '2012-01-03 18:58:50.000', 'Latitude': '55.4725800000000010', 'Longitude': '8.4220682999999994', 'MoveStatus': 'Moored', 'Heading': '154', 'Draught': '2', 'Speed': '0,1', 'Destination': 'HR 2', 'ETA': '9999-12-31 23:59:59.000'}, {'LRIMOShipNo': '9295490', 'ShipName': 'SILUNA ACE', 'ShipType': 'Passenger', 'MovementDateTime': '2012-01-03 18:59:45.000', 'Latitude': '51.8199083000000020', 'Longitude': '4.8724200000000000', 'MoveStatus': 'Moored', 'Heading': '41', 'Draught': '3', 'Speed': '0,1', 'Destination': 'HARDINXVELD', 'ETA': '2011-09-19 14:00:00.000'}, {'LRIMOShipNo': '9566148', 'ShipName': 'WINDSUPPLIER', 'ShipType': 'Passenger', 'MovementDateTime': '2012-01-03 19:58:52.000', 'Latitude': '55.4725882999999980', 'Longitude': '8.4220466999999992', 'MoveStatus': 'Moored', 'Heading': '155', 'Draught': '2', 'Speed': '0,1', 'Destination': 'HR 2', 'ETA': '9999-12-31 23:59:59.000'}, {'LRIMOShipNo': '9566148', 'ShipName': 'WINDSUPPLIER', 'ShipType': 'Passenger', 'MovementDateTime': '2012-01-03 20:58:52.000', 'Latitude': '55.4726000000000000', 'Longitude': '8.4220783000000008', 'MoveStatus': 'Moored', 'Heading': '155', 'Draught': '2', 'Speed': '0,1', 'Destination': 'HR 2', 'ETA': '9999-12-31 23:59:59.000'}, {'LRIMOShipNo': '9295490', 'ShipName': 'SILUNA ACE', 'ShipType': 'Passenger', 'MovementDateTime': '2012-01-03 20:57:51.000', 'Latitude': '51.8199267000000030', 'Longitude': '4.8723182999999999', 'MoveStatus': 'Moored', 'Heading': '41', 'Draught': '3', 'Speed': '0,1', 'Destination': 'HARDINXVELD', 'ETA': '2011-09-19 14:00:00.000'}, {'LRIMOShipNo': '9295490', 'ShipName': 'SILUNA ACE', 'ShipType': 'Passenger', 'MovementDateTime': '2012-01-03 21:58:05.000', 'Latitude': '51.8198817000000030', 'Longitude': '4.8723666999999997', 'MoveStatus': 'Moored', 'Heading': '44', 'Draught': '3', 'Speed': '0,1', 'Destination': 'HARDINXVELD', 'ETA': '2011-09-19 14:00:00.000'}, {'LRIMOShipNo': '9566148', 'ShipName': 'WINDSUPPLIER', 'ShipType': 'Passenger', 'MovementDateTime': '2012-01-03 23:55:33.000', 'Latitude': '55.4725766999999980', 'Longitude': '8.4220749999999995', 'MoveStatus': 'Moored', 'Heading': '154', 'Draught': '2', 'Speed': '0,1', 'Destination': 'HR 2', 'ETA': '9999-12-31 23:59:59.000'}, {'LRIMOShipNo': '9295490', 'ShipName': 'SILUNA ACE', 'ShipType': 'Passenger', 'MovementDateTime': '2012-01-03 23:58:53.000', 'Latitude': '51.8199066999999970', 'Longitude': '4.8723682999999998', 'MoveStatus': 'Moored', 'Heading': '41', 'Draught': '3', 'Speed': '0,1', 'Destination': 'HARDINXVELD', 'ETA': '2011-09-19 14:00:00.000'}, {'LRIMOShipNo': '9566148', 'ShipName': 'WINDSUPPLIER', 'ShipType': 'Passenger', 'MovementDateTime': '2012-01-04 00:58:50.000', 'Latitude': '55.4725917000000020', 'Longitude': '8.4221032999999998', 'MoveStatus': 'Moored', 'Heading': '155', 'Draught': '2', 'Speed': '0,1', 'Destination': 'HR 2', 'ETA': '9999-12-31 23:59:59.000'}, {'LRIMOShipNo': '9566148', 'ShipName': 'WINDSUPPLIER', 'ShipType': 'Passenger', 'MovementDateTime': '2012-01-04 01:58:51.000', 'Latitude': '55.4725583000000030', 'Longitude': '8.4220783000000008', 'MoveStatus': 'Moored', 'Heading': '154', 'Draught': '2', 'Speed': '0,1', 'Destination': 'HR 2', 'ETA': '9999-12-31 23:59:59.000'}, {'LRIMOShipNo': '9566148', 'ShipName': 'WINDSUPPLIER', 'ShipType': 'Passenger', 'MovementDateTime': '2012-01-04 02:58:53.000', 'Latitude': '55.4725816999999990', 'Longitude': '8.4220799999999993', 'MoveStatus': 'Moored', 'Heading': '155', 'Draught': '2', 'Speed': '0,1', 'Destination': 'HR 2', 'ETA': '9999-12-31 23:59:59.000'}, {'LRIMOShipNo': '9566148', 'ShipName': 'WINDSUPPLIER', 'ShipType': 'Passenger', 'MovementDateTime': '2012-01-04 03:58:51.000', 'Latitude': '55.4726216999999980', 'Longitude': '8.4220167000000004', 'MoveStatus': 'Moored', 'Heading': '154', 'Draught': '2', 'Speed': '0,1', 'Destination': 'HR 2', 'ETA': '9999-12-31 23:59:59.000'}, {'LRIMOShipNo': '9295490', 'ShipName': 'SILUNA ACE', 'ShipType': 'Passenger', 'MovementDateTime': '2012-01-04 04:58:42.000', 'Latitude': '51.8199083000000020', 'Longitude': '4.8723500000000000', 'MoveStatus': 'Moored', 'Heading': '41', 'Draught': '3', 'Speed': '0,1', 'Destination': 'HARDINXVELD', 'ETA': '2011-09-19 14:00:00.000'}, {'LRIMOShipNo': '9566148', 'ShipName': 'WINDSUPPLIER', 'ShipType': 'Passenger', 'MovementDateTime': '2012-01-04 05:58:52.000', 'Latitude': '55.4726000000000000', 'Longitude': '8.4221100000000000', 'MoveStatus': 'Moored', 'Heading': '155', 'Draught': '2', 'Speed': '0,1', 'Destination': 'HR 2', 'ETA': '9999-12-31 23:59:59.000'}, {'LRIMOShipNo': '9566148', 'ShipName': 'WINDSUPPLIER', 'ShipType': 'Passenger', 'MovementDateTime': '2012-01-04 06:58:49.000', 'Latitude': '55.4725816999999990', 'Longitude': '8.4220682999999994', 'MoveStatus': 'Moored', 'Heading': '155', 'Draught': '2', 'Speed': '0,1', 'Destination': 'HR 2', 'ETA': '9999-12-31 23:59:59.000'}, {'LRIMOShipNo': '9295490', 'ShipName': 'SILUNA ACE', 'ShipType': 'Passenger', 'MovementDateTime': '2012-01-04 07:59:01.000', 'Latitude': '51.8198866999999980', 'Longitude': '4.8723567000000001', 'MoveStatus': 'Moored', 'Heading': '41', 'Draught': '3', 'Speed': '0,1', 'Destination': 'HARDINXVELD', 'ETA': '2011-09-19 14:00:00.000'}, {'LRIMOShipNo': '9566148', 'ShipName': 'WINDSUPPLIER', 'ShipType': 'Passenger', 'MovementDateTime': '2012-01-04 08:59:53.000', 'Latitude': '55.4726117000000020', 'Longitude': '8.4220766999999999', 'MoveStatus': 'Moored', 'Heading': '155', 'Draught': '2', 'Speed': '0,1', 'Destination': 'HR 2', 'ETA': '9999-12-31 23:59:59.000'}, {'LRIMOShipNo': '9295490', 'ShipName': 'SILUNA ACE', 'ShipType': 'Passenger', 'MovementDateTime': '2012-01-04 09:58:12.000', 'Latitude': '51.8199150000000020', 'Longitude': '4.8723416999999998', 'MoveStatus': 'Moored', 'Heading': '43', 'Draught': '3', 'Speed': '0,1', 'Destination': 'HARDINXVELD', 'ETA': '2011-09-19 14:00:00.000'}, {'LRIMOShipNo': '9566148', 'ShipName': 'WINDSUPPLIER', 'ShipType': 'Passenger', 'MovementDateTime': '2012-01-04 11:59:52.000', 'Latitude': '55.4725783000000020', 'Longitude': '8.4220682999999994', 'MoveStatus': 'Moored', 'Heading': '154', 'Draught': '2', 'Speed': '0,1', 'Destination': 'HR 2', 'ETA': '9999-12-31 23:59:59.000'}, {'LRIMOShipNo': '9566148', 'ShipName': 'WINDSUPPLIER', 'ShipType': 'Passenger', 'MovementDateTime': '2012-01-04 12:58:52.000', 'Latitude': '55.4725966999999970', 'Longitude': '8.4221699999999995', 'MoveStatus': 'Moored', 'Heading': '153', 'Draught': '2', 'Speed': '0,1', 'Destination': 'HR 2', 'ETA': '9999-12-31 23:59:59.000'}, {'LRIMOShipNo': '9295490', 'ShipName': 'SILUNA ACE', 'ShipType': 'Passenger', 'MovementDateTime': '2012-01-04 12:59:30.000', 'Latitude': '51.8199116999999990', 'Longitude': '4.8723682999999998', 'MoveStatus': 'Moored', 'Heading': '41', 'Draught': '3', 'Speed': '0,1', 'Destination': 'HARDINXVELD', 'ETA': '2011-09-19 14:00:00.000'}, {'LRIMOShipNo': '9295490', 'ShipName': 'SILUNA ACE', 'ShipType': 'Passenger', 'MovementDateTime': '2012-01-04 15:59:45.000', 'Latitude': '51.8198932999999970', 'Longitude': '4.8723533000000003', 'MoveStatus': 'Moored', 'Heading': '39', 'Draught': '3', 'Speed': '0,1', 'Destination': 'HARDINXVELD', 'ETA': '2011-09-19 14:00:00.000'}, {'LRIMOShipNo': '9295490', 'ShipName': 'SILUNA ACE', 'ShipType': 'Passenger', 'MovementDateTime': '2012-01-04 17:59:56.000', 'Latitude': '51.8199083000000020', 'Longitude': '4.8723583000000001', 'MoveStatus': 'Moored', 'Heading': '40', 'Draught': '3', 'Speed': '0,1', 'Destination': 'HARDINXVELD', 'ETA': '2011-09-19 14:00:00.000'}, {'LRIMOShipNo': '9566148', 'ShipName': 'WINDSUPPLIER', 'ShipType': 'Passenger', 'MovementDateTime': '2012-01-04 18:58:47.000', 'Latitude': '55.4725949999999980', 'Longitude': '8.4220600000000001', 'MoveStatus': 'Moored', 'Heading': '154', 'Draught': '2', 'Speed': '0,1', 'Destination': 'HR 2', 'ETA': '9999-12-31 23:59:59.000'}, {'LRIMOShipNo': '9295490', 'ShipName': 'SILUNA ACE', 'ShipType': 'Passenger', 'MovementDateTime': '2012-01-04 18:58:00.000', 'Latitude': '51.8199316999999980', 'Longitude': '4.8723599999999996', 'MoveStatus': 'Moored', 'Heading': '41', 'Draught': '3', 'Speed': '0,1', 'Destination': 'HARDINXVELD', 'ETA': '2011-09-19 14:00:00.000'}, {'LRIMOShipNo': '9566148', 'ShipName': 'WINDSUPPLIER', 'ShipType': 'Passenger', 'MovementDateTime': '2012-01-04 19:58:48.000', 'Latitude': '55.4725699999999970', 'Longitude': '8.4220717000000000', 'MoveStatus': 'Moored', 'Heading': '154', 'Draught': '2', 'Speed': '0,1', 'Destination': 'HR 2', 'ETA': '9999-12-31 23:59:59.000'}, {'LRIMOShipNo': '9566148', 'ShipName': 'WINDSUPPLIER', 'ShipType': 'Passenger', 'MovementDateTime': '2012-01-04 20:58:50.000', 'Latitude': '55.4726067000000000', 'Longitude': '8.4220383000000005', 'MoveStatus': 'Moored', 'Heading': '155', 'Draught': '2', 'Speed': '0,1', 'Destination': 'HR 2', 'ETA': '9999-12-31 23:59:59.000'}, {'LRIMOShipNo': '9566148', 'ShipName': 'WINDSUPPLIER', 'ShipType': 'Passenger', 'MovementDateTime': '2012-01-04 21:58:53.000', 'Latitude': '55.4725617000000000', 'Longitude': '8.4221032999999998', 'MoveStatus': 'Moored', 'Heading': '154', 'Draught': '2', 'Speed': '0,1', 'Destination': 'HR 2', 'ETA': '9999-12-31 23:59:59.000'}, {'LRIMOShipNo': '9295490', 'ShipName': 'SILUNA ACE', 'ShipType': 'Passenger', 'MovementDateTime': '2012-01-04 22:54:27.000', 'Latitude': '51.8198883000000020', 'Longitude': '4.8724017000000002', 'MoveStatus': 'Moored', 'Heading': '42', 'Draught': '3', 'Speed': '0,1', 'Destination': 'HARDINXVELD', 'ETA': '2011-09-19 14:00:00.000'}, {'LRIMOShipNo': '9566148', 'ShipName': 'WINDSUPPLIER', 'ShipType': 'Passenger', 'MovementDateTime': '2012-01-04 23:58:51.000', 'Latitude': '55.4725949999999980', 'Longitude': '8.4220416999999994', 'MoveStatus': 'Moored', 'Heading': '154', 'Draught': '2', 'Speed': '0,1', 'Destination': 'HR 2', 'ETA': '9999-12-31 23:59:59.000'}, {'LRIMOShipNo': '9295490', 'ShipName': 'SILUNA ACE', 'ShipType': 'Passenger', 'MovementDateTime': '2012-01-05 00:57:42.000', 'Latitude': '51.8198967000000010', 'Longitude': '4.8723466999999996', 'MoveStatus': 'Moored', 'Heading': '42', 'Draught': '3', 'Speed': '0,1', 'Destination': 'HARDINXVELD', 'ETA': '2011-09-19 14:00:00.000'}, {'LRIMOShipNo': '9295490', 'ShipName': 'SILUNA ACE', 'ShipType': 'Passenger', 'MovementDateTime': '2012-01-05 05:59:54.000', 'Latitude': '51.8198982999999980', 'Longitude': '4.8723767000000002', 'MoveStatus': 'Moored', 'Heading': '42', 'Draught': '3', 'Speed': '0,1', 'Destination': 'HARDINXVELD', 'ETA': '2011-09-19 14:00:00.000'}, {'LRIMOShipNo': '9295490', 'ShipName': 'SILUNA ACE', 'ShipType': 'Passenger', 'MovementDateTime': '2012-01-05 06:57:15.000', 'Latitude': '51.8198932999999970', 'Longitude': '4.8723533000000003', 'MoveStatus': 'Moored', 'Heading': '42', 'Draught': '3', 'Speed': '0,1', 'Destination': 'HARDINXVELD', 'ETA': '2011-09-19 14:00:00.000'}, {'LRIMOShipNo': '9295490', 'ShipName': 'SILUNA ACE', 'ShipType': 'Passenger', 'MovementDateTime': '2012-01-05 09:59:35.000', 'Latitude': '51.8198900000000010', 'Longitude': '4.8723482999999996', 'MoveStatus': 'Moored', 'Heading': '42', 'Draught': '3', 'Speed': '0,1', 'Destination': 'HARDINXVELD', 'ETA': '2011-09-19 14:00:00.000'}, {'LRIMOShipNo': '9295490', 'ShipName': 'SILUNA ACE', 'ShipType': 'Passenger', 'MovementDateTime': '2012-01-05 12:58:54.000', 'Latitude': '51.8199133000000030', 'Longitude': '4.8723517000000003', 'MoveStatus': 'Moored', 'Heading': '41', 'Draught': '3', 'Speed': '0,1', 'Destination': 'HARDINXVELD', 'ETA': '2011-09-19 14:00:00.000'}, {'LRIMOShipNo': '9566148', 'ShipName': 'WINDSUPPLIER', 'ShipType': 'Passenger', 'MovementDateTime': '2012-01-05 15:58:37.000', 'Latitude': '55.4725382999999970', 'Longitude': '8.4220416999999994', 'MoveStatus': 'Moored', 'Heading': '153', 'Draught': '2', 'Speed': '0,1', 'Destination': 'HR 2', 'ETA': '9999-12-31 23:59:59.000'}, {'LRIMOShipNo': '9295490', 'ShipName': 'SILUNA ACE', 'ShipType': 'Passenger', 'MovementDateTime': '2012-01-05 18:59:21.000', 'Latitude': '51.8199249999999980', 'Longitude': '4.8723916999999997', 'MoveStatus': 'Moored', 'Heading': '41', 'Draught': '3', 'Speed': '0,1', 'Destination': 'HARDINXVELD', 'ETA': '2011-09-19 14:00:00.000'}, {'LRIMOShipNo': '9295490', 'ShipName': 'SILUNA ACE', 'ShipType': 'Passenger', 'MovementDateTime': '2012-01-05 22:58:11.000', 'Latitude': '51.8199100000000000', 'Longitude': '4.8723533000000003', 'MoveStatus': 'Moored', 'Heading': '41', 'Draught': '3', 'Speed': '0,1', 'Destination': 'HARDINXVELD', 'ETA': '2011-09-19 14:00:00.000'}, {'LRIMOShipNo': '9295490', 'ShipName': 'SILUNA ACE', 'ShipType': 'Passenger', 'MovementDateTime': '2012-01-06 05:58:12.000', 'Latitude': '51.8199066999999970', 'Longitude': '4.8723682999999998', 'MoveStatus': 'Moored', 'Heading': '41', 'Draught': '3', 'Speed': '0,1', 'Destination': 'HARDINXVELD', 'ETA': '2011-09-19 14:00:00.000'}, {'LRIMOShipNo': '9295490', 'ShipName': 'SILUNA ACE', 'ShipType': 'Passenger', 'MovementDateTime': '2012-01-06 11:59:04.000', 'Latitude': '51.8199033000000000', 'Longitude': '4.8723567000000001', 'MoveStatus': 'Moored', 'Heading': '42', 'Draught': '3', 'Speed': '0,1', 'Destination': 'HARDINXVELD', 'ETA': '2011-09-19 14:00:00.000'}, {'LRIMOShipNo': '9295490', 'ShipName': 'SILUNA ACE', 'ShipType': 'Passenger', 'MovementDateTime': '2012-01-06 15:00:03.000', 'Latitude': '51.8199033000000000', 'Longitude': '4.8723517000000003', 'MoveStatus': 'Moored', 'Heading': '42', 'Draught': '3', 'Speed': '0,1', 'Destination': 'HARDINXVELD', 'ETA': '2011-09-19 14:00:00.000'}, {'LRIMOShipNo': '9295490', 'ShipName': 'SILUNA ACE', 'ShipType': 'Passenger', 'MovementDateTime': '2012-01-06 16:58:31.000', 'Latitude': '51.8198717000000000', 'Longitude': '4.8723932999999997', 'MoveStatus': 'Moored', 'Heading': '41', 'Draught': '3', 'Speed': '0,1', 'Destination': 'HARDINXVELD', 'ETA': '2011-09-19 14:00:00.000'}, {'LRIMOShipNo': '9295490', 'ShipName': 'SILUNA ACE', 'ShipType': 'Passenger', 'MovementDateTime': '2012-01-06 19:58:52.000', 'Latitude': '51.8198750000000030', 'Longitude': '4.8724049999999997', 'MoveStatus': 'Moored', 'Heading': '42', 'Draught': '3', 'Speed': '0,1', 'Destination': 'HARDINXVELD', 'ETA': '2011-09-19 14:00:00.000'}, {'LRIMOShipNo': '9295490', 'ShipName': 'SILUNA ACE', 'ShipType': 'Passenger', 'MovementDateTime': '2012-01-07 07:57:24.000', 'Latitude': '51.8198900000000010', 'Longitude': '4.8723717000000004', 'MoveStatus': 'Moored', 'Heading': '40', 'Draught': '3', 'Speed': '0,1', 'Destination': 'HARDINXVELD', 'ETA': '2011-09-19 14:00:00.000'}, {'LRIMOShipNo': '9295490', 'ShipName': 'SILUNA ACE', 'ShipType': 'Passenger', 'MovementDateTime': '2012-01-07 08:57:58.000', 'Latitude': '51.8198817000000030', 'Longitude': '4.8723799999999997', 'MoveStatus': 'Moored', 'Heading': '43', 'Draught': '3', 'Speed': '0,1', 'Destination': 'HARDINXVELD', 'ETA': '2011-09-19 14:00:00.000'}, {'LRIMOShipNo': '9295490', 'ShipName': 'SILUNA ACE', 'ShipType': 'Passenger', 'MovementDateTime': '2012-01-07 15:57:57.000', 'Latitude': '51.8198999999999970', 'Longitude': '4.8723400000000003', 'MoveStatus': 'Moored', 'Heading': '41', 'Draught': '3', 'Speed': '0,1', 'Destination': 'HARDINXVELD', 'ETA': '2011-09-19 14:00:00.000'}, {'LRIMOShipNo': '9295490', 'ShipName': 'SILUNA ACE', 'ShipType': 'Passenger', 'MovementDateTime': '2012-01-07 21:57:33.000', 'Latitude': '51.8198833000000010', 'Longitude': '4.8723432999999998', 'MoveStatus': 'Moored', 'Heading': '42', 'Draught': '3', 'Speed': '0,1', 'Destination': 'HARDINXVELD', 'ETA': '2011-09-19 14:00:00.000'}, {'LRIMOShipNo': '9295490', 'ShipName': 'SILUNA ACE', 'ShipType': 'Passenger', 'MovementDateTime': '2012-01-08 01:59:16.000', 'Latitude': '51.8198999999999970', 'Longitude': '4.8723599999999996', 'MoveStatus': 'Moored', 'Heading': '39', 'Draught': '3', 'Speed': '0,1', 'Destination': 'HARDINXVELD', 'ETA': '2011-09-19 14:00:00.000'}, {'LRIMOShipNo': '9295490', 'ShipName': 'SILUNA ACE', 'ShipType': 'Passenger', 'MovementDateTime': '2012-01-08 02:59:41.000', 'Latitude': '51.8199033000000000', 'Longitude': '4.8723299999999998', 'MoveStatus': 'Moored', 'Heading': '42', 'Draught': '3', 'Speed': '0,1', 'Destination': 'HARDINXVELD', 'ETA': '2011-09-19 14:00:00.000'}, {'LRIMOShipNo': '9295490', 'ShipName': 'SILUNA ACE', 'ShipType': 'Passenger', 'MovementDateTime': '2012-01-08 14:58:54.000', 'Latitude': '51.8198700000000020', 'Longitude': '4.8724200000000000', 'MoveStatus': 'Moored', 'Heading': '40', 'Draught': '3', 'Speed': '0,1', 'Destination': 'HARDINXVELD', 'ETA': '2011-09-19 14:00:00.000'}, {'LRIMOShipNo': '9295490', 'ShipName': 'SILUNA ACE', 'ShipType': 'Passenger', 'MovementDateTime': '2012-01-09 18:59:50.000', 'Latitude': '51.8199066999999970', 'Longitude': '4.8723700000000001', 'MoveStatus': 'Moored', 'Heading': '42', 'Draught': '3', 'Speed': '0,1', 'Destination': 'HARDINXVELD', 'ETA': '2011-09-19 14:00:00.000'}, {'LRIMOShipNo': '9295490', 'ShipName': 'SILUNA ACE', 'ShipType': 'Passenger', 'MovementDateTime': '2012-01-09 19:59:26.000', 'Latitude': '51.8198833000000010', 'Longitude': '4.8723916999999997', 'MoveStatus': 'Moored', 'Heading': '42', 'Draught': '3', 'Speed': '0,1', 'Destination': 'HARDINXVELD', 'ETA': '2011-09-19 14:00:00.000'}, {'LRIMOShipNo': '9295490', 'ShipName': 'SILUNA ACE', 'ShipType': 'Passenger', 'MovementDateTime': '2012-01-09 21:57:06.000', 'Latitude': '51.8199066999999970', 'Longitude': '4.8723767000000002', 'MoveStatus': 'Moored', 'Heading': '43', 'Draught': '3', 'Speed': '0,1', 'Destination': 'HARDINXVELD', 'ETA': '2011-09-19 14:00:00.000'}, {'LRIMOShipNo': '9295490', 'ShipName': 'SILUNA ACE', 'ShipType': 'Passenger', 'MovementDateTime': '2012-01-10 00:58:33.000', 'Latitude': '51.8199650000000030', 'Longitude': '4.8724166999999996', 'MoveStatus': 'Moored', 'Heading': '43', 'Draught': '3', 'Speed': '0,1', 'Destination': 'HARDINXVELD', 'ETA': '2011-09-19 14:00:00.000'}, {'LRIMOShipNo': '9295490', 'ShipName': 'SILUNA ACE', 'ShipType': 'Passenger', 'MovementDateTime': '2012-01-10 02:59:23.000', 'Latitude': '51.8199083000000020', 'Longitude': '4.8723583000000001', 'MoveStatus': 'Moored', 'Heading': '42', 'Draught': '3', 'Speed': '0,1', 'Destination': 'HARDINXVELD', 'ETA': '2011-09-19 14:00:00.000'}, {'LRIMOShipNo': '9295490', 'ShipName': 'DP GALYNA', 'ShipType': 'Cargo', 'MovementDateTime': '2013-08-28 08:56:42.000', 'Latitude': '51.7764779999999970', 'Longitude': '1.9250920000000000', 'MoveStatus': 'Restriced manoeuverability', 'Heading': '225', 'Draught': '3,2', 'Speed': '0,1', 'Destination': 'GREATER GABBORD', 'ETA': '2013-08-27 05:00:00.000'}, {'LRIMOShipNo': '9295490', 'ShipName': 'DP GALYNA', 'ShipType': 'Cargo', 'MovementDateTime': '2013-08-28 13:56:58.000', 'Latitude': '51.7799249999999990', 'Longitude': '1.9262779999999999', 'MoveStatus': 'Restriced manoeuverability', 'Heading': '14', 'Draught': '3,2', 'Speed': '0,1', 'Destination': 'GREATER GABBORD', 'ETA': '2013-08-27 05:00:00.000'}, {'LRIMOShipNo': '9295490', 'ShipName': 'DP GALYNA', 'ShipType': 'Cargo', 'MovementDateTime': '2013-08-28 15:57:17.000', 'Latitude': '51.7828779999999970', 'Longitude': '1.9311600000000000', 'MoveStatus': 'Restriced manoeuverability', 'Heading': '239', 'Draught': '3,2', 'Speed': '0,1', 'Destination': 'GREATER GABBORD', 'ETA': '2013-08-27 05:00:00.000'}, {'LRIMOShipNo': '9295490', 'ShipName': 'DP GALYNA', 'ShipType': 'Cargo', 'MovementDateTime': '2013-08-28 16:45:37.000', 'Latitude': '51.7753980000000030', 'Longitude': '1.9263269999999999', 'MoveStatus': 'Restriced manoeuverability', 'Heading': '240', 'Draught': '3,2', 'Speed': '0,1', 'Destination': 'GREATER GABBORD', 'ETA': '2013-08-27 05:00:00.000'}, {'LRIMOShipNo': '9295490', 'ShipName': 'DP GALYNA', 'ShipType': 'Cargo', 'MovementDateTime': '2013-08-28 19:57:17.000', 'Latitude': '51.7803919999999990', 'Longitude': '1.9199720000000000', 'MoveStatus': 'Restriced manoeuverability', 'Heading': '20', 'Draught': '3,2', 'Speed': '0,1', 'Destination': 'GREATER GABBORD', 'ETA': '2013-08-27 05:00:00.000'}, {'LRIMOShipNo': '9295490', 'ShipName': 'DP GALYNA', 'ShipType': 'Cargo', 'MovementDateTime': '2013-08-29 01:57:36.000', 'Latitude': '51.7803850000000030', 'Longitude': '1.9199569999999999', 'MoveStatus': 'Restriced manoeuverability', 'Heading': '15', 'Draught': '3,2', 'Speed': '0,1', 'Destination': 'GREATER GABBORD', 'ETA': '2013-08-27 05:00:00.000'}, {'LRIMOShipNo': '9295490', 'ShipName': 'DP GALYNA', 'ShipType': 'Cargo', 'MovementDateTime': '2013-08-29 03:54:15.000', 'Latitude': '51.7803869999999970', 'Longitude': '1.9199500000000000', 'MoveStatus': 'Restriced manoeuverability', 'Heading': '15', 'Draught': '3,2', 'Speed': '0,1', 'Destination': 'GREATER GABBORD', 'ETA': '2013-08-27 05:00:00.000'}, {'LRIMOShipNo': '9295490', 'ShipName': 'DP GALYNA', 'ShipType': 'Cargo', 'MovementDateTime': '2013-08-29 04:57:47.000', 'Latitude': '51.7803729999999970', 'Longitude': '1.9199729999999999', 'MoveStatus': 'Restriced manoeuverability', 'Heading': '20', 'Draught': '3,2', 'Speed': '0,1', 'Destination': 'GREATER GABBORD', 'ETA': '2013-08-27 05:00:00.000'}, {'LRIMOShipNo': '9295490', 'ShipName': 'DP GALYNA', 'ShipType': 'Cargo', 'MovementDateTime': '2013-08-29 06:58:35.000', 'Latitude': '51.7835469999999990', 'Longitude': '1.9307600000000000', 'MoveStatus': 'Restriced manoeuverability', 'Heading': '215', 'Draught': '3,2', 'Speed': '0,1', 'Destination': 'GREATER GABBORD', 'ETA': '2013-08-27 05:00:00.000'}, {'LRIMOShipNo': '9295490', 'ShipName': 'DP GALYNA', 'ShipType': 'Cargo', 'MovementDateTime': '2013-08-29 08:57:15.000', 'Latitude': '51.7766549999999980', 'Longitude': '1.9240050000000000', 'MoveStatus': 'Restriced manoeuverability', 'Heading': '212', 'Draught': '3,2', 'Speed': '0,1', 'Destination': 'GREATER GABBORD', 'ETA': '2013-08-27 05:00:00.000'}, {'LRIMOShipNo': '9295490', 'ShipName': 'DP GALYNA', 'ShipType': 'Cargo', 'MovementDateTime': '2013-08-29 09:57:07.000', 'Latitude': '51.7767020000000000', 'Longitude': '1.9236450000000000', 'MoveStatus': 'Restriced manoeuverability', 'Heading': '215', 'Draught': '3,2', 'Speed': '0,1', 'Destination': 'GREATER GABBORD', 'ETA': '2013-08-27 05:00:00.000'}, {'LRIMOShipNo': '9295490', 'ShipName': 'DP GALYNA', 'ShipType': 'Cargo', 'MovementDateTime': '2013-08-29 10:56:06.000', 'Latitude': '51.7766799999999990', 'Longitude': '1.9236249999999999', 'MoveStatus': 'Restriced manoeuverability', 'Heading': '215', 'Draught': '3,2', 'Speed': '0,1', 'Destination': 'GREATER GABBORD', 'ETA': '2013-08-27 05:00:00.000'}, {'LRIMOShipNo': '9295490', 'ShipName': 'DP GALYNA', 'ShipType': 'Cargo', 'MovementDateTime': '2014-08-31 06:58:57.000', 'Latitude': '53.4489600000000000', 'Longitude': '6.8251749999999998', 'MoveStatus': 'Moored', 'Heading': '103', 'Draught': '3,1', 'Speed': '0,1', 'Destination': 'EEMSHAVEN', 'ETA': '2014-08-29 20:30:00.000'}]