[{'LRIMOShipNo': '9566148', 'ShipName': 'WINDSUPPLIER', 'ShipType': 'Passenger', 'MovementDateTime': '2011-12-31 23:57:13.000', 'Latitude': '55.4725583000000030', 'Longitude': '8.4220717000000000', 'MoveStatus': 'Moored', 'Heading': '151', 'Draught': '2', 'Speed': '0', 'Destination': 'ESBJERG', 'ETA': '9999-12-31 23:59:59.000'}, {'LRIMOShipNo': '9295490', 'ShipName': 'SILUNA ACE', 'ShipType': 'Passenger', 'MovementDateTime': '2011-12-31 23:51:43.000', 'Latitude': '51.8198967000000010', 'Longitude': '4.8723599999999996', 'MoveStatus': 'Moored', 'Heading': '42', 'Draught': '3', 'Speed': '0', 'Destination': 'HARDINXVELD', 'ETA': '2011-09-19 14:00:00.000'}, {'LRIMOShipNo': '9566148', 'ShipName': 'WINDSUPPLIER', 'ShipType': 'Passenger', 'MovementDateTime': '2012-01-01 00:57:10.000', 'Latitude': '55.4725882999999980', 'Longitude': '8.4220849999999992', 'MoveStatus': 'Moored', 'Heading': '150', 'Draught': '2', 'Speed': '0', 'Destination': 'ESBJERG', 'ETA': '9999-12-31 23:59:59.000'}, {'LRIMOShipNo': '9295490', 'ShipName': 'SILUNA ACE', 'ShipType': 'Passenger', 'MovementDateTime': '2012-01-01 00:57:04.000', 'Latitude': '51.8199100000000000', 'Longitude': '4.8723500000000000', 'MoveStatus': 'Moored', 'Heading': '42', 'Draught': '3', 'Speed': '0,1', 'Destination': 'HARDINXVELD', 'ETA': '2011-09-19 14:00:00.000'}, {'LRIMOShipNo': '9566148', 'ShipName': 'WINDSUPPLIER', 'ShipType': 'Passenger', 'MovementDateTime': '2012-01-01 01:57:14.000', 'Latitude': '55.4725650000000030', 'Longitude': '8.4220967000000009', 'MoveStatus': 'Moored', 'Heading': '151', 'Draught': '2', 'Speed': '0', 'Destination': 'ESBJERG', 'ETA': '9999-12-31 23:59:59.000'}, {'LRIMOShipNo': '9295490', 'ShipName': 'SILUNA ACE', 'ShipType': 'Passenger', 'MovementDateTime': '2012-01-01 01:57:20.000', 'Latitude': '51.8199182999999980', 'Longitude': '4.8723799999999997', 'MoveStatus': 'Moored', 'Heading': '42', 'Draught': '3', 'Speed': '0', 'Destination': 'HARDINXVELD', 'ETA': '2011-09-19 14:00:00.000'}, {'LRIMOShipNo': '9566148', 'ShipName': 'WINDSUPPLIER', 'ShipType': 'Passenger', 'MovementDateTime': '2012-01-01 02:57:13.000', 'Latitude': '55.4725983000000010', 'Longitude': '8.4220749999999995', 'MoveStatus': 'Moored', 'Heading': '152', 'Draught': '2', 'Speed': '0', 'Destination': 'ESBJERG', 'ETA': '9999-12-31 23:59:59.000'}, {'LRIMOShipNo': '9295490', 'ShipName': 'SILUNA ACE', 'ShipType': 'Passenger', 'MovementDateTime': '2012-01-01 02:59:07.000', 'Latitude': '51.8198916999999990', 'Longitude': '4.8723783000000003', 'MoveStatus': 'Moored', 'Heading': '42', 'Draught': '3', 'Speed': '0', 'Destination': 'HARDINXVELD', 'ETA': '2011-09-19 14:00:00.000'}, {'LRIMOShipNo': '9566148', 'ShipName': 'WINDSUPPLIER', 'ShipType': 'Passenger', 'MovementDateTime': '2012-01-01 03:55:51.000', 'Latitude': '55.4725733000000010', 'Longitude': '8.4220082999999999', 'MoveStatus': 'Moored', 'Heading': '153', 'Draught': '2', 'Speed': '0', 'Destination': 'ESBJERG', 'ETA': '9999-12-31 23:59:59.000'}, {'LRIMOShipNo': '9295490', 'ShipName': 'SILUNA ACE', 'ShipType': 'Passenger', 'MovementDateTime': '2012-01-01 03:59:30.000', 'Latitude': '51.8198866999999980', 'Longitude': '4.8723200000000002', 'MoveStatus': 'Moored', 'Heading': '42', 'Draught': '3', 'Speed': '0', 'Destination': 'HARDINXVELD', 'ETA': '2011-09-19 14:00:00.000'}, {'LRIMOShipNo': '9566148', 'ShipName': 'WINDSUPPLIER', 'ShipType': 'Passenger', 'MovementDateTime': '2012-01-01 04:57:14.000', 'Latitude': '55.4725800000000010', 'Longitude': '8.4220950000000006', 'MoveStatus': 'Moored', 'Heading': '152', 'Draught': '2', 'Speed': '0', 'Destination': 'ESBJERG', 'ETA': '9999-12-31 23:59:59.000'}, {'LRIMOShipNo': '9295490', 'ShipName': 'SILUNA ACE', 'ShipType': 'Passenger', 'MovementDateTime': '2012-01-01 04:59:56.000', 'Latitude': '51.8199232999999990', 'Longitude': '4.8723533000000003', 'MoveStatus': 'Moored', 'Heading': '42', 'Draught': '3', 'Speed': '0', 'Destination': 'HARDINXVELD', 'ETA': '2011-09-19 14:00:00.000'}, {'LRIMOShipNo': '9566148', 'ShipName': 'WINDSUPPLIER', 'ShipType': 'Passenger', 'MovementDateTime': '2012-01-01 05:57:14.000', 'Latitude': '55.4725749999999990', 'Longitude': '8.4220732999999992', 'MoveStatus': 'Moored', 'Heading': '153', 'Draught': '2', 'Speed': '0', 'Destination': 'ESBJERG', 'ETA': '9999-12-31 23:59:59.000'}, {'LRIMOShipNo': '9295490', 'ShipName': 'SILUNA ACE', 'ShipType': 'Passenger', 'MovementDateTime': '2012-01-01 05:57:41.000', 'Latitude': '51.8198416999999980', 'Longitude': '4.8723700000000001', 'MoveStatus': 'Moored', 'Heading': '42', 'Draught': '3', 'Speed': '0', 'Destination': 'HARDINXVELD', 'ETA': '2011-09-19 14:00:00.000'}, {'LRIMOShipNo': '9566148', 'ShipName': 'WINDSUPPLIER', 'ShipType': 'Passenger', 'MovementDateTime': '2012-01-01 06:57:12.000', 'Latitude': '55.4725949999999980', 'Longitude': '8.4220849999999992', 'MoveStatus': 'Moored', 'Heading': '154', 'Draught': '2', 'Speed': '0', 'Destination': 'ESBJERG', 'ETA': '9999-12-31 23:59:59.000'}, {'LRIMOShipNo': '9295490', 'ShipName': 'SILUNA ACE', 'ShipType': 'Passenger', 'MovementDateTime': '2012-01-01 06:57:49.000', 'Latitude': '51.8198999999999970', 'Longitude': '4.8723567000000001', 'MoveStatus': 'Moored', 'Heading': '42', 'Draught': '3', 'Speed': '0,1', 'Destination': 'HARDINXVELD', 'ETA': '2011-09-19 14:00:00.000'}, {'LRIMOShipNo': '9566148', 'ShipName': 'WINDSUPPLIER', 'ShipType': 'Passenger', 'MovementDateTime': '2012-01-01 07:57:15.000', 'Latitude': '55.4725917000000020', 'Longitude': '8.4220916999999993', 'MoveStatus': 'Moored', 'Heading': '153', 'Draught': '2', 'Speed': '0', 'Destination': 'ESBJERG', 'ETA': '9999-12-31 23:59:59.000'}, {'LRIMOShipNo': '9295490', 'ShipName': 'SILUNA ACE', 'ShipType': 'Passenger', 'MovementDateTime': '2012-01-01 07:58:13.000', 'Latitude': '51.8198950000000020', 'Longitude': '4.8723500000000000', 'MoveStatus': 'Moored', 'Heading': '42', 'Draught': '3', 'Speed': '0', 'Destination': 'HARDINXVELD', 'ETA': '2011-09-19 14:00:00.000'}, {'LRIMOShipNo': '9566148', 'ShipName': 'WINDSUPPLIER', 'ShipType': 'Passenger', 'MovementDateTime': '2012-01-01 08:57:12.000', 'Latitude': '55.4725733000000010', 'Longitude': '8.4220732999999992', 'MoveStatus': 'Moored', 'Heading': '151', 'Draught': '2', 'Speed': '0', 'Destination': 'ESBJERG', 'ETA': '9999-12-31 23:59:59.000'}, {'LRIMOShipNo': '9295490', 'ShipName': 'SILUNA ACE', 'ShipType': 'Passenger', 'MovementDateTime': '2012-01-01 08:58:36.000', 'Latitude': '51.8199299999999990', 'Longitude': '4.8723232999999997', 'MoveStatus': 'Moored', 'Heading': '42', 'Draught': '3', 'Speed': '0,1', 'Destination': 'HARDINXVELD', 'ETA': '2011-09-19 14:00:00.000'}, {'LRIMOShipNo': '9566148', 'ShipName': 'WINDSUPPLIER', 'ShipType': 'Passenger', 'MovementDateTime': '2012-01-01 09:57:14.000', 'Latitude': '55.4725632999999970', 'Longitude': '8.4220649999999999', 'MoveStatus': 'Moored', 'Heading': '153', 'Draught': '2', 'Speed': '0', 'Destination': 'ESBJERG', 'ETA': '9999-12-31 23:59:59.000'}, {'LRIMOShipNo': '9295490', 'ShipName': 'SILUNA ACE', 'ShipType': 'Passenger', 'MovementDateTime': '2012-01-01 09:59:08.000', 'Latitude': '51.8198817000000030', 'Longitude': '4.8724017000000002', 'MoveStatus': 'Moored', 'Heading': '42', 'Draught': '3', 'Speed': '0,1', 'Destination': 'HARDINXVELD', 'ETA': '2011-09-19 14:00:00.000'}, {'LRIMOShipNo': '9566148', 'ShipName': 'WINDSUPPLIER', 'ShipType': 'Passenger', 'MovementDateTime': '2012-01-01 10:57:08.000', 'Latitude': '55.4725800000000010', 'Longitude': '8.4220883000000004', 'MoveStatus': 'Moored', 'Heading': '151', 'Draught': '2', 'Speed': '0', 'Destination': 'ESBJERG', 'ETA': '9999-12-31 23:59:59.000'}, {'LRIMOShipNo': '9295490', 'ShipName': 'SILUNA ACE', 'ShipType': 'Passenger', 'MovementDateTime': '2012-01-01 10:59:24.000', 'Latitude': '51.8199083000000020', 'Longitude': '4.8723517000000003', 'MoveStatus': 'Moored', 'Heading': '42', 'Draught': '3', 'Speed': '0', 'Destination': 'HARDINXVELD', 'ETA': '2011-09-19 14:00:00.000'}, {'LRIMOShipNo': '9566148', 'ShipName': 'WINDSUPPLIER', 'ShipType': 'Passenger', 'MovementDateTime': '2012-01-01 11:57:15.000', 'Latitude': '55.4725682999999990', 'Longitude': '8.4220517000000008', 'MoveStatus': 'Moored', 'Heading': '151', 'Draught': '2', 'Speed': '0', 'Destination': 'ESBJERG', 'ETA': '9999-12-31 23:59:59.000'}, {'LRIMOShipNo': '9295490', 'ShipName': 'SILUNA ACE', 'ShipType': 'Passenger', 'MovementDateTime': '2012-01-01 11:58:16.000', 'Latitude': '51.8199066999999970', 'Longitude': '4.8723767000000002', 'MoveStatus': 'Moored', 'Heading': '42', 'Draught': '3', 'Speed': '0', 'Destination': 'HARDINXVELD', 'ETA': '2011-09-19 14:00:00.000'}, {'LRIMOShipNo': '9566148', 'ShipName': 'WINDSUPPLIER', 'ShipType': 'Passenger', 'MovementDateTime': '2012-01-01 12:57:14.000', 'Latitude': '55.4725800000000010', 'Longitude': '8.4220983000000000', 'MoveStatus': 'Moored', 'Heading': '150', 'Draught': '2', 'Speed': '0', 'Destination': 'ESBJERG', 'ETA': '9999-12-31 23:59:59.000'}, {'LRIMOShipNo': '9295490', 'ShipName': 'SILUNA ACE', 'ShipType': 'Passenger', 'MovementDateTime': '2012-01-01 12:58:22.000', 'Latitude': '51.8199167000000000', 'Longitude': '4.8723650000000003', 'MoveStatus': 'Moored', 'Heading': '41', 'Draught': '3', 'Speed': '0', 'Destination': 'HARDINXVELD', 'ETA': '2011-09-19 14:00:00.000'}, {'LRIMOShipNo': '9566148', 'ShipName': 'WINDSUPPLIER', 'ShipType': 'Passenger', 'MovementDateTime': '2012-01-01 13:57:14.000', 'Latitude': '55.4725800000000010', 'Longitude': '8.4220333000000007', 'MoveStatus': 'Moored', 'Heading': '150', 'Draught': '2', 'Speed': '0', 'Destination': 'ESBJERG', 'ETA': '9999-12-31 23:59:59.000'}, {'LRIMOShipNo': '9295490', 'ShipName': 'SILUNA ACE', 'ShipType': 'Passenger', 'MovementDateTime': '2012-01-01 13:58:29.000', 'Latitude': '51.8198549999999970', 'Longitude': '4.8724866999999996', 'MoveStatus': 'Moored', 'Heading': '42', 'Draught': '3', 'Speed': '0', 'Destination': 'HARDINXVELD', 'ETA': '2011-09-19 14:00:00.000'}, {'LRIMOShipNo': '9566148', 'ShipName': 'WINDSUPPLIER', 'ShipType': 'Passenger', 'MovementDateTime': '2012-01-01 14:57:15.000', 'Latitude': '55.4725882999999980', 'Longitude': '8.4220649999999999', 'MoveStatus': 'Moored', 'Heading': '152', 'Draught': '2', 'Speed': '0', 'Destination': 'ESBJERG', 'ETA': '9999-12-31 23:59:59.000'}, {'LRIMOShipNo': '9295490', 'ShipName': 'SILUNA ACE', 'ShipType': 'Passenger', 'MovementDateTime': '2012-01-01 14:58:34.000', 'Latitude': '51.8198833000000010', 'Longitude': '4.8723682999999998', 'MoveStatus': 'Moored', 'Heading': '42', 'Draught': '3', 'Speed': '0', 'Destination': 'HARDINXVELD', 'ETA': '2011-09-19 14:00:00.000'}, {'LRIMOShipNo': '9566148', 'ShipName': 'WINDSUPPLIER', 'ShipType': 'Passenger', 'MovementDateTime': '2012-01-01 15:57:14.000', 'Latitude': '55.4725850000000020', 'Longitude': '8.4221000000000004', 'MoveStatus': 'Moored', 'Heading': '152', 'Draught': '2', 'Speed': '0', 'Destination': 'ESBJERG', 'ETA': '9999-12-31 23:59:59.000'}, {'LRIMOShipNo': '9295490', 'ShipName': 'SILUNA ACE', 'ShipType': 'Passenger', 'MovementDateTime': '2012-01-01 15:58:38.000', 'Latitude': '51.8198616999999970', 'Longitude': '4.8723882999999999', 'MoveStatus': 'Moored', 'Heading': '42', 'Draught': '3', 'Speed': '0', 'Destination': 'HARDINXVELD', 'ETA': '2011-09-19 14:00:00.000'}, {'LRIMOShipNo': '9566148', 'ShipName': 'WINDSUPPLIER', 'ShipType': 'Passenger', 'MovementDateTime': '2012-01-01 16:57:15.000', 'Latitude': '55.4725617000000000', 'Longitude': '8.4220067000000007', 'MoveStatus': 'Moored', 'Heading': '152', 'Draught': '2', 'Speed': '0', 'Destination': 'ESBJERG', 'ETA': '9999-12-31 23:59:59.000'}, {'LRIMOShipNo': '9295490', 'ShipName': 'SILUNA ACE', 'ShipType': 'Passenger', 'MovementDateTime': '2012-01-01 16:59:11.000', 'Latitude': '51.8198549999999970', 'Longitude': '4.8724083000000000', 'MoveStatus': 'Moored', 'Heading': '42', 'Draught': '3', 'Speed': '0', 'Destination': 'HARDINXVELD', 'ETA': '2011-09-19 14:00:00.000'}, {'LRIMOShipNo': '9566148', 'ShipName': 'WINDSUPPLIER', 'ShipType': 'Passenger', 'MovementDateTime': '2012-01-01 17:57:16.000', 'Latitude': '55.4725766999999980', 'Longitude': '8.4220433000000003', 'MoveStatus': 'Moored', 'Heading': '152', 'Draught': '2', 'Speed': '0', 'Destination': 'ESBJERG', 'ETA': '9999-12-31 23:59:59.000'}, {'LRIMOShipNo': '9295490', 'ShipName': 'SILUNA ACE', 'ShipType': 'Passenger', 'MovementDateTime': '2012-01-01 17:59:37.000', 'Latitude': '51.8199116999999990', 'Longitude': '4.8723200000000002', 'MoveStatus': 'Moored', 'Heading': '42', 'Draught': '3', 'Speed': '0', 'Destination': 'HARDINXVELD', 'ETA': '2011-09-19 14:00:00.000'}, {'LRIMOShipNo': '9566148', 'ShipName': 'WINDSUPPLIER', 'ShipType': 'Passenger', 'MovementDateTime': '2012-01-01 18:57:13.000', 'Latitude': '55.4726100000000030', 'Longitude': '8.4219833000000008', 'MoveStatus': 'Moored', 'Heading': '153', 'Draught': '2', 'Speed': '0', 'Destination': 'ESBJERG', 'ETA': '9999-12-31 23:59:59.000'}, {'LRIMOShipNo': '9295490', 'ShipName': 'SILUNA ACE', 'ShipType': 'Passenger', 'MovementDateTime': '2012-01-01 18:58:54.000', 'Latitude': '51.8199100000000000', 'Longitude': '4.8723732999999996', 'MoveStatus': 'Moored', 'Heading': '42', 'Draught': '3', 'Speed': '0', 'Destination': 'HARDINXVELD', 'ETA': '2011-09-19 14:00:00.000'}, {'LRIMOShipNo': '9566148', 'ShipName': 'WINDSUPPLIER', 'ShipType': 'Passenger', 'MovementDateTime': '2012-01-01 19:57:13.000', 'Latitude': '55.4725533000000010', 'Longitude': '8.4220383000000005', 'MoveStatus': 'Moored', 'Heading': '153', 'Draught': '2', 'Speed': '0', 'Destination': 'ESBJERG', 'ETA': '9999-12-31 23:59:59.000'}, {'LRIMOShipNo': '9295490', 'ShipName': 'SILUNA ACE', 'ShipType': 'Passenger', 'MovementDateTime': '2012-01-01 19:57:22.000', 'Latitude': '51.8199066999999970', 'Longitude': '4.8723482999999996', 'MoveStatus': 'Moored', 'Heading': '42', 'Draught': '3', 'Speed': '0', 'Destination': 'HARDINXVELD', 'ETA': '2011-09-19 14:00:00.000'}, {'LRIMOShipNo': '9566148', 'ShipName': 'WINDSUPPLIER', 'ShipType': 'Passenger', 'MovementDateTime': '2012-01-01 20:54:15.000', 'Latitude': '55.4725650000000030', 'Longitude': '8.4221017000000007', 'MoveStatus': 'Moored', 'Heading': '153', 'Draught': '2', 'Speed': '0', 'Destination': 'ESBJERG', 'ETA': '9999-12-31 23:59:59.000'}, {'LRIMOShipNo': '9295490', 'ShipName': 'SILUNA ACE', 'ShipType': 'Passenger', 'MovementDateTime': '2012-01-01 20:54:49.000', 'Latitude': '51.8198916999999990', 'Longitude': '4.8723432999999998', 'MoveStatus': 'Moored', 'Heading': '42', 'Draught': '3', 'Speed': '0', 'Destination': 'HARDINXVELD', 'ETA': '2011-09-19 14:00:00.000'}]