[{'LRIMOShipNo': '9295490', 'ShipName': 'DP GALYNA', 'ShipType': 'Cargo', 'MovementDateTime': '2013-08-28 05:00:05.000', 'Latitude': '51.7811150000000000', 'Longitude': '1.9299519999999999', 'MoveStatus': 'Restriced manoeuverability', 'Heading': '201', 'Draught': '3,2', 'Speed': '4,2', 'Destination': 'GREATER GABBORD', 'ETA': '2013-08-27 05:00:00.000'}, {'LRIMOShipNo': '9295490', 'ShipName': 'DP GALYNA', 'ShipType': 'Cargo', 'MovementDateTime': '2013-08-28 05:57:11.000', 'Latitude': '51.7834549999999960', 'Longitude': '1.9300280000000001', 'MoveStatus': 'Restriced manoeuverability', 'Heading': '208', 'Draught': '3,2', 'Speed': '0,2', 'Destination': 'GREATER GABBORD', 'ETA': '2013-08-27 05:00:00.000'}, {'LRIMOShipNo': '9295490', 'ShipName': 'DP GALYNA', 'ShipType': 'Cargo', 'MovementDateTime': '2013-08-28 07:57:10.000', 'Latitude': '51.7765619999999980', 'Longitude': '1.9264150000000000', 'MoveStatus': 'Restriced manoeuverability', 'Heading': '250', 'Draught': '3,2', 'Speed': '0,6', 'Destination': 'GREATER GABBORD', 'ETA': '2013-08-27 05:00:00.000'}, {'LRIMOShipNo': '9295490', 'ShipName': 'DP GALYNA', 'ShipType': 'Cargo', 'MovementDateTime': '2013-08-28 08:56:42.000', 'Latitude': '51.7764779999999970', 'Longitude': '1.9250920000000000', 'MoveStatus': 'Restriced manoeuverability', 'Heading': '225', 'Draught': '3,2', 'Speed': '0,1', 'Destination': 'GREATER GABBORD', 'ETA': '2013-08-27 05:00:00.000'}, {'LRIMOShipNo': '9295490', 'ShipName': 'DP GALYNA', 'ShipType': 'Cargo', 'MovementDateTime': '2013-08-28 09:56:18.000', 'Latitude': '51.7765020000000010', 'Longitude': '1.9250470000000000', 'MoveStatus': 'Restriced manoeuverability', 'Heading': '204', 'Draught': '3,2', 'Speed': '0,2', 'Destination': 'GREATER GABBORD', 'ETA': '2013-08-27 05:00:00.000'}, {'LRIMOShipNo': '9295490', 'ShipName': 'DP GALYNA', 'ShipType': 'Cargo', 'MovementDateTime': '2013-08-28 10:56:36.000', 'Latitude': '51.7799550000000010', 'Longitude': '1.9262720000000000', 'MoveStatus': 'Restriced manoeuverability', 'Heading': '15', 'Draught': '3,2', 'Speed': '0,2', 'Destination': 'GREATER GABBORD', 'ETA': '2013-08-27 05:00:00.000'}, {'LRIMOShipNo': '9295490', 'ShipName': 'DP GALYNA', 'ShipType': 'Cargo', 'MovementDateTime': '2013-08-28 11:56:47.000', 'Latitude': '51.7799320000000020', 'Longitude': '1.9262830000000000', 'MoveStatus': 'Restriced manoeuverability', 'Heading': '14', 'Draught': '3,2', 'Speed': '0,2', 'Destination': 'GREATER GABBORD', 'ETA': '2013-08-27 05:00:00.000'}, {'LRIMOShipNo': '9295490', 'ShipName': 'DP GALYNA', 'ShipType': 'Cargo', 'MovementDateTime': '2013-08-28 11:00:25.000', 'Latitude': '51.7799529999999990', 'Longitude': '1.9262600000000001', 'MoveStatus': 'Restriced manoeuverability', 'Heading': '14', 'Draught': '3,2', 'Speed': '0,3', 'Destination': 'GREATER GABBORD', 'ETA': '2013-08-27 05:00:00.000'}, {'LRIMOShipNo': '9295490', 'ShipName': 'DP GALYNA', 'ShipType': 'Cargo', 'MovementDateTime': '2013-08-28 13:56:58.000', 'Latitude': '51.7799249999999990', 'Longitude': '1.9262779999999999', 'MoveStatus': 'Restriced manoeuverability', 'Heading': '14', 'Draught': '3,2', 'Speed': '0,1', 'Destination': 'GREATER GABBORD', 'ETA': '2013-08-27 05:00:00.000'}, {'LRIMOShipNo': '9295490', 'ShipName': 'DP GALYNA', 'ShipType': 'Cargo', 'MovementDateTime': '2013-08-28 13:00:35.000', 'Latitude': '51.7816970000000010', 'Longitude': '1.9269769999999999', 'MoveStatus': 'Restriced manoeuverability', 'Heading': '13', 'Draught': '3,2', 'Speed': '0', 'Destination': 'GREATER GABBORD', 'ETA': '2013-08-27 05:00:00.000'}, {'LRIMOShipNo': '9295490', 'ShipName': 'DP GALYNA', 'ShipType': 'Cargo', 'MovementDateTime': '2013-08-28 15:57:17.000', 'Latitude': '51.7828779999999970', 'Longitude': '1.9311600000000000', 'MoveStatus': 'Restriced manoeuverability', 'Heading': '239', 'Draught': '3,2', 'Speed': '0,1', 'Destination': 'GREATER GABBORD', 'ETA': '2013-08-27 05:00:00.000'}, {'LRIMOShipNo': '9295490', 'ShipName': 'DP GALYNA', 'ShipType': 'Cargo', 'MovementDateTime': '2013-08-28 16:45:37.000', 'Latitude': '51.7753980000000030', 'Longitude': '1.9263269999999999', 'MoveStatus': 'Restriced manoeuverability', 'Heading': '240', 'Draught': '3,2', 'Speed': '0,1', 'Destination': 'GREATER GABBORD', 'ETA': '2013-08-27 05:00:00.000'}, {'LRIMOShipNo': '9295490', 'ShipName': 'DP GALYNA', 'ShipType': 'Cargo', 'MovementDateTime': '2013-08-28 17:00:47.000', 'Latitude': '51.7815530000000020', 'Longitude': '1.9186780000000001', 'MoveStatus': 'Restriced manoeuverability', 'Heading': '10', 'Draught': '3,2', 'Speed': '0', 'Destination': 'GREATER GABBORD', 'ETA': '2013-08-27 05:00:00.000'}, {'LRIMOShipNo': '9295490', 'ShipName': 'DP GALYNA', 'ShipType': 'Cargo', 'MovementDateTime': '2013-08-28 17:57:16.000', 'Latitude': '51.7757379999999970', 'Longitude': '1.9257830000000000', 'MoveStatus': 'Restriced manoeuverability', 'Heading': '213', 'Draught': '3,2', 'Speed': '0,2', 'Destination': 'GREATER GABBORD', 'ETA': '2013-08-27 05:00:00.000'}, {'LRIMOShipNo': '9295490', 'ShipName': 'DP GALYNA', 'ShipType': 'Cargo', 'MovementDateTime': '2013-08-28 19:57:17.000', 'Latitude': '51.7803919999999990', 'Longitude': '1.9199720000000000', 'MoveStatus': 'Restriced manoeuverability', 'Heading': '20', 'Draught': '3,2', 'Speed': '0,1', 'Destination': 'GREATER GABBORD', 'ETA': '2013-08-27 05:00:00.000'}, {'LRIMOShipNo': '9295490', 'ShipName': 'DP GALYNA', 'ShipType': 'Cargo', 'MovementDateTime': '2013-08-28 20:56:55.000', 'Latitude': '51.7804000000000000', 'Longitude': '1.9199750000000000', 'MoveStatus': 'Restriced manoeuverability', 'Heading': '20', 'Draught': '3,2', 'Speed': '0', 'Destination': 'GREATER GABBORD', 'ETA': '2013-08-27 05:00:00.000'}, {'LRIMOShipNo': '9295490', 'ShipName': 'DP GALYNA', 'ShipType': 'Cargo', 'MovementDateTime': '2013-08-28 21:00:05.000', 'Latitude': '51.7804020000000020', 'Longitude': '1.9199679999999999', 'MoveStatus': 'Restriced manoeuverability', 'Heading': '20', 'Draught': '3,2', 'Speed': '0', 'Destination': 'GREATER GABBORD', 'ETA': '2013-08-27 05:00:00.000'}, {'LRIMOShipNo': '9295490', 'ShipName': 'DP GALYNA', 'ShipType': 'Cargo', 'MovementDateTime': '2013-08-28 21:57:25.000', 'Latitude': '51.7804050000000020', 'Longitude': '1.9199780000000000', 'MoveStatus': 'Restriced manoeuverability', 'Heading': '19', 'Draught': '3,2', 'Speed': '0', 'Destination': 'GREATER GABBORD', 'ETA': '2013-08-27 05:00:00.000'}, {'LRIMOShipNo': '9295490', 'ShipName': 'DP GALYNA', 'ShipType': 'Cargo', 'MovementDateTime': '2013-08-28 23:57:26.000', 'Latitude': '51.7804000000000000', 'Longitude': '1.9199700000000000', 'MoveStatus': 'Restriced manoeuverability', 'Heading': '19', 'Draught': '3,2', 'Speed': '0,2', 'Destination': 'GREATER GABBORD', 'ETA': '2013-08-27 05:00:00.000'}, {'LRIMOShipNo': '9295490', 'ShipName': 'DP GALYNA', 'ShipType': 'Cargo', 'MovementDateTime': '2013-08-29 00:59:07.000', 'Latitude': '51.7803899999999970', 'Longitude': '1.9199569999999999', 'MoveStatus': 'Restriced manoeuverability', 'Heading': '15', 'Draught': '3,2', 'Speed': '0', 'Destination': 'GREATER GABBORD', 'ETA': '2013-08-27 05:00:00.000'}, {'LRIMOShipNo': '9295490', 'ShipName': 'DP GALYNA', 'ShipType': 'Cargo', 'MovementDateTime': '2013-08-29 01:57:36.000', 'Latitude': '51.7803850000000030', 'Longitude': '1.9199569999999999', 'MoveStatus': 'Restriced manoeuverability', 'Heading': '15', 'Draught': '3,2', 'Speed': '0,1', 'Destination': 'GREATER GABBORD', 'ETA': '2013-08-27 05:00:00.000'}, {'LRIMOShipNo': '9295490', 'ShipName': 'DP GALYNA', 'ShipType': 'Cargo', 'MovementDateTime': '2013-08-29 02:58:54.000', 'Latitude': '51.7803779999999990', 'Longitude': '1.9199500000000000', 'MoveStatus': 'Restriced manoeuverability', 'Heading': '15', 'Draught': '3,2', 'Speed': '0', 'Destination': 'GREATER GABBORD', 'ETA': '2013-08-27 05:00:00.000'}, {'LRIMOShipNo': '9295490', 'ShipName': 'DP GALYNA', 'ShipType': 'Cargo', 'MovementDateTime': '2013-08-29 03:54:15.000', 'Latitude': '51.7803869999999970', 'Longitude': '1.9199500000000000', 'MoveStatus': 'Restriced manoeuverability', 'Heading': '15', 'Draught': '3,2', 'Speed': '0,1', 'Destination': 'GREATER GABBORD', 'ETA': '2013-08-27 05:00:00.000'}, {'LRIMOShipNo': '9295490', 'ShipName': 'DP GALYNA', 'ShipType': 'Cargo', 'MovementDateTime': '2013-08-29 04:57:47.000', 'Latitude': '51.7803729999999970', 'Longitude': '1.9199729999999999', 'MoveStatus': 'Restriced manoeuverability', 'Heading': '20', 'Draught': '3,2', 'Speed': '0,1', 'Destination': 'GREATER GABBORD', 'ETA': '2013-08-27 05:00:00.000'}, {'LRIMOShipNo': '9295490', 'ShipName': 'DP GALYNA', 'ShipType': 'Cargo', 'MovementDateTime': '2013-08-29 05:57:26.000', 'Latitude': '51.7828730000000020', 'Longitude': '1.9245450000000000', 'MoveStatus': 'Restriced manoeuverability', 'Heading': '205', 'Draught': '3,2', 'Speed': '0,4', 'Destination': 'GREATER GABBORD', 'ETA': '2013-08-27 05:00:00.000'}, {'LRIMOShipNo': '9295490', 'ShipName': 'DP GALYNA', 'ShipType': 'Cargo', 'MovementDateTime': '2013-08-29 06:58:35.000', 'Latitude': '51.7835469999999990', 'Longitude': '1.9307600000000000', 'MoveStatus': 'Restriced manoeuverability', 'Heading': '215', 'Draught': '3,2', 'Speed': '0,1', 'Destination': 'GREATER GABBORD', 'ETA': '2013-08-27 05:00:00.000'}, {'LRIMOShipNo': '9295490', 'ShipName': 'DP GALYNA', 'ShipType': 'Cargo', 'MovementDateTime': '2013-08-29 07:58:45.000', 'Latitude': '51.7750279999999990', 'Longitude': '1.9264450000000000', 'MoveStatus': 'Restriced manoeuverability', 'Heading': '240', 'Draught': '3,2', 'Speed': '0,2', 'Destination': 'GREATER GABBORD', 'ETA': '2013-08-27 05:00:00.000'}, {'LRIMOShipNo': '9295490', 'ShipName': 'DP GALYNA', 'ShipType': 'Cargo', 'MovementDateTime': '2013-08-29 08:57:15.000', 'Latitude': '51.7766549999999980', 'Longitude': '1.9240050000000000', 'MoveStatus': 'Restriced manoeuverability', 'Heading': '212', 'Draught': '3,2', 'Speed': '0,1', 'Destination': 'GREATER GABBORD', 'ETA': '2013-08-27 05:00:00.000'}, {'LRIMOShipNo': '9295490', 'ShipName': 'DP GALYNA', 'ShipType': 'Cargo', 'MovementDateTime': '2013-08-29 09:57:07.000', 'Latitude': '51.7767020000000000', 'Longitude': '1.9236450000000000', 'MoveStatus': 'Restriced manoeuverability', 'Heading': '215', 'Draught': '3,2', 'Speed': '0,1', 'Destination': 'GREATER GABBORD', 'ETA': '2013-08-27 05:00:00.000'}, {'LRIMOShipNo': '9295490', 'ShipName': 'DP GALYNA', 'ShipType': 'Cargo', 'MovementDateTime': '2013-08-29 10:56:06.000', 'Latitude': '51.7766799999999990', 'Longitude': '1.9236249999999999', 'MoveStatus': 'Restriced manoeuverability', 'Heading': '215', 'Draught': '3,2', 'Speed': '0,1', 'Destination': 'GREATER GABBORD', 'ETA': '2013-08-27 05:00:00.000'}, {'LRIMOShipNo': '9295490', 'ShipName': 'DP GALYNA', 'ShipType': 'Cargo', 'MovementDateTime': '2013-08-29 11:57:16.000', 'Latitude': '51.7828030000000010', 'Longitude': '1.9284429999999999', 'MoveStatus': 'Restriced manoeuverability', 'Heading': '200', 'Draught': '3,2', 'Speed': '0', 'Destination': 'GREATER GABBORD', 'ETA': '2013-08-27 05:00:00.000'}, {'LRIMOShipNo': '9295490', 'ShipName': 'DP GALYNA', 'ShipType': 'Cargo', 'MovementDateTime': '2013-11-14 13:58:54.000', 'Latitude': '52.5591179999999980', 'Longitude': '1.7588880000000000', 'MoveStatus': 'Anchored', 'Heading': '309', 'Draught': '3', 'Speed': '0,6', 'Destination': 'GREATER GABBARD', 'ETA': '2013-11-12 06:00:00.000'}, {'LRIMOShipNo': '9295490', 'ShipName': 'DP GALYNA', 'ShipType': 'Cargo', 'MovementDateTime': '2014-08-31 05:58:24.000', 'Latitude': '53.4489430000000000', 'Longitude': '6.8251749999999998', 'MoveStatus': 'Moored', 'Heading': '103', 'Draught': '3,1', 'Speed': '0', 'Destination': 'EEMSHAVEN', 'ETA': '2014-08-29 20:30:00.000'}, {'LRIMOShipNo': '9295490', 'ShipName': 'DP GALYNA', 'ShipType': 'Cargo', 'MovementDateTime': '2014-08-31 06:58:57.000', 'Latitude': '53.4489600000000000', 'Longitude': '6.8251749999999998', 'MoveStatus': 'Moored', 'Heading': '103', 'Draught': '3,1', 'Speed': '0,1', 'Destination': 'EEMSHAVEN', 'ETA': '2014-08-29 20:30:00.000'}, {'LRIMOShipNo': '9295490', 'ShipName': 'DP GALYNA', 'ShipType': 'Cargo', 'MovementDateTime': '2014-08-31 07:59:19.000', 'Latitude': '53.4489430000000000', 'Longitude': '6.8251749999999998', 'MoveStatus': 'Moored', 'Heading': '103', 'Draught': '3,1', 'Speed': '0', 'Destination': 'EEMSHAVEN', 'ETA': '2014-08-29 20:30:00.000'}, {'LRIMOShipNo': '9295490', 'ShipName': 'DP GALYNA', 'ShipType': 'Cargo', 'MovementDateTime': '2014-08-31 08:56:51.000', 'Latitude': '53.4489600000000000', 'Longitude': '6.8251580000000001', 'MoveStatus': 'Moored', 'Heading': '103', 'Draught': '3,1', 'Speed': '0', 'Destination': 'EEMSHAVEN', 'ETA': '2014-08-29 20:30:00.000'}, {'LRIMOShipNo': '9295490', 'ShipName': 'DP GALYNA', 'ShipType': 'Cargo', 'MovementDateTime': '2014-08-31 09:57:09.000', 'Latitude': '53.4489600000000000', 'Longitude': '6.8251749999999998', 'MoveStatus': 'Moored', 'Heading': '103', 'Draught': '3,1', 'Speed': '0', 'Destination': 'EEMSHAVEN', 'ETA': '2014-08-29 20:30:00.000'}]